Archive member included to satisfy reference by file (symbol)

c:/nxp/mcuxpressoide_11.3.0_5222/ide/plugins/com.nxp.mcuxpresso.tools.win32_11.3.0.202008311133/tools/bin/../lib/gcc/arm-none-eabi/9.3.1/../../../../arm-none-eabi/lib/thumb/v6-m/nofp\libcr_semihost.a(_cr__main.o)
                              ./startup/startup_mkl46z4.o (__main)
c:/nxp/mcuxpressoide_11.3.0_5222/ide/plugins/com.nxp.mcuxpresso.tools.win32_11.3.0.202008311133/tools/bin/../lib/gcc/arm-none-eabi/9.3.1/../../../../arm-none-eabi/lib/thumb/v6-m/nofp\libcr_c.a(memcpy.o)
                              ./source/freertos/source/queue.o (memcpy)
c:/nxp/mcuxpressoide_11.3.0_5222/ide/plugins/com.nxp.mcuxpresso.tools.win32_11.3.0.202008311133/tools/bin/../lib/gcc/arm-none-eabi/9.3.1/../../../../arm-none-eabi/lib/thumb/v6-m/nofp\libcr_c.a(memset.o)
                              ./source/freertos/source/tasks.o (memset)
c:/nxp/mcuxpressoide_11.3.0_5222/ide/plugins/com.nxp.mcuxpresso.tools.win32_11.3.0.202008311133/tools/bin/../lib/gcc/arm-none-eabi/9.3.1/../../../../arm-none-eabi/lib/thumb/v6-m/nofp\libcr_c.a(fabs.o)
                              ./source/Gestionnaires/tDriveTask.o (fabs)
c:/nxp/mcuxpressoide_11.3.0_5222/ide/plugins/com.nxp.mcuxpresso.tools.win32_11.3.0.202008311133/tools/bin/../lib/gcc/arm-none-eabi/9.3.1/../../../../arm-none-eabi/lib/thumb/v6-m/nofp\libcr_c.a(fpprintf.o)
                              ./source/freertos/source/tasks.o (sprintf)
c:/nxp/mcuxpressoide_11.3.0_5222/ide/plugins/com.nxp.mcuxpresso.tools.win32_11.3.0.202008311133/tools/bin/../lib/gcc/arm-none-eabi/9.3.1/../../../../arm-none-eabi/lib/thumb/v6-m/nofp\libcr_c.a(initio.o)
                              c:/nxp/mcuxpressoide_11.3.0_5222/ide/plugins/com.nxp.mcuxpresso.tools.win32_11.3.0.202008311133/tools/bin/../lib/gcc/arm-none-eabi/9.3.1/../../../../arm-none-eabi/lib/thumb/v6-m/nofp\libcr_semihost.a(_cr__main.o) (_initio)
c:/nxp/mcuxpressoide_11.3.0_5222/ide/plugins/com.nxp.mcuxpresso.tools.win32_11.3.0.202008311133/tools/bin/../lib/gcc/arm-none-eabi/9.3.1/../../../../arm-none-eabi/lib/thumb/v6-m/nofp\libcr_c.a(printf.o)
                              c:/nxp/mcuxpressoide_11.3.0_5222/ide/plugins/com.nxp.mcuxpresso.tools.win32_11.3.0.202008311133/tools/bin/../lib/gcc/arm-none-eabi/9.3.1/../../../../arm-none-eabi/lib/thumb/v6-m/nofp\libcr_c.a(fpprintf.o) (__vfprintf)
c:/nxp/mcuxpressoide_11.3.0_5222/ide/plugins/com.nxp.mcuxpresso.tools.win32_11.3.0.202008311133/tools/bin/../lib/gcc/arm-none-eabi/9.3.1/../../../../arm-none-eabi/lib/thumb/v6-m/nofp\libcr_c.a(setvbuf.o)
                              c:/nxp/mcuxpressoide_11.3.0_5222/ide/plugins/com.nxp.mcuxpresso.tools.win32_11.3.0.202008311133/tools/bin/../lib/gcc/arm-none-eabi/9.3.1/../../../../arm-none-eabi/lib/thumb/v6-m/nofp\libcr_c.a(initio.o) (setvbuf)
c:/nxp/mcuxpressoide_11.3.0_5222/ide/plugins/com.nxp.mcuxpresso.tools.win32_11.3.0.202008311133/tools/bin/../lib/gcc/arm-none-eabi/9.3.1/../../../../arm-none-eabi/lib/thumb/v6-m/nofp\libcr_c.a(strcpy.o)
                              ./source/freertos/source/tasks.o (strcpy)
c:/nxp/mcuxpressoide_11.3.0_5222/ide/plugins/com.nxp.mcuxpresso.tools.win32_11.3.0.202008311133/tools/bin/../lib/gcc/arm-none-eabi/9.3.1/../../../../arm-none-eabi/lib/thumb/v6-m/nofp\libcr_c.a(strlen.o)
                              ./source/freertos/source/tasks.o (strlen)
c:/nxp/mcuxpressoide_11.3.0_5222/ide/plugins/com.nxp.mcuxpresso.tools.win32_11.3.0.202008311133/tools/bin/../lib/gcc/arm-none-eabi/9.3.1/../../../../arm-none-eabi/lib/thumb/v6-m/nofp\libcr_c.a(_deferredlazyseek.o)
                              c:/nxp/mcuxpressoide_11.3.0_5222/ide/plugins/com.nxp.mcuxpresso.tools.win32_11.3.0.202008311133/tools/bin/../lib/gcc/arm-none-eabi/9.3.1/../../../../arm-none-eabi/lib/thumb/v6-m/nofp\libcr_c.a(fpprintf.o) (__flsbuf)
c:/nxp/mcuxpressoide_11.3.0_5222/ide/plugins/com.nxp.mcuxpresso.tools.win32_11.3.0.202008311133/tools/bin/../lib/gcc/arm-none-eabi/9.3.1/../../../../arm-none-eabi/lib/thumb/v6-m/nofp\libcr_c.a(_fdopen.o)
                              c:/nxp/mcuxpressoide_11.3.0_5222/ide/plugins/com.nxp.mcuxpresso.tools.win32_11.3.0.202008311133/tools/bin/../lib/gcc/arm-none-eabi/9.3.1/../../../../arm-none-eabi/lib/thumb/v6-m/nofp\libcr_c.a(initio.o) (_fdopen)
c:/nxp/mcuxpressoide_11.3.0_5222/ide/plugins/com.nxp.mcuxpresso.tools.win32_11.3.0.202008311133/tools/bin/../lib/gcc/arm-none-eabi/9.3.1/../../../../arm-none-eabi/lib/thumb/v6-m/nofp\libcr_c.a(_fflush.o)
                              c:/nxp/mcuxpressoide_11.3.0_5222/ide/plugins/com.nxp.mcuxpresso.tools.win32_11.3.0.202008311133/tools/bin/../lib/gcc/arm-none-eabi/9.3.1/../../../../arm-none-eabi/lib/thumb/v6-m/nofp\libcr_c.a(_deferredlazyseek.o) (_fflush)
c:/nxp/mcuxpressoide_11.3.0_5222/ide/plugins/com.nxp.mcuxpresso.tools.win32_11.3.0.202008311133/tools/bin/../lib/gcc/arm-none-eabi/9.3.1/../../../../arm-none-eabi/lib/thumb/v6-m/nofp\libcr_c.a(_frexpl.o)
[...]
Memory Configuration

Name             Origin             Length             Attributes
PROGRAM_FLASH    0x00000000         0x00040000         xr
SRAM             0x1fffe000         0x00008000         xrw
*default*        0x00000000         0xffffffff

Linker script and memory map

LOAD ./startup/startup_mkl46z4.o
LOAD ./source/freertos/source/croutine.o
LOAD ./source/freertos/source/event_groups.o
LOAD ./source/freertos/source/list.o
LOAD ./source/freertos/source/queue.o
LOAD ./source/freertos/source/runTimeStatsTimer.o
LOAD ./source/freertos/source/tasks.o
LOAD ./source/freertos/source/timers.o
LOAD ./source/freertos/portable/fsl_tickless_systick.o
LOAD ./source/freertos/portable/heap_4.o
LOAD ./source/freertos/portable/port.o
LOAD ./source/Utils/LibString/cpu_core.o
LOAD ./source/Utils/LibString/lib_ascii.o
LOAD ./source/Utils/LibString/lib_math.o
LOAD ./source/Utils/LibString/lib_mem.o
LOAD ./source/Utils/LibString/lib_str.o
LOAD ./source/Utils/mtb.o
LOAD ./source/Utils/semihost_hardfault.o
LOAD ./source/Modules/mBT.o
LOAD ./source/Modules/mCpu.o
LOAD ./source/Modules/mDelay.o
LOAD ./source/Modules/mIMU.o
LOAD ./source/Modules/mIcOc.o
LOAD ./source/Modules/mLcd.o
LOAD ./source/Modules/mLeds.o
LOAD ./source/Modules/mLine.o
LOAD ./source/Modules/mMeteo.o
LOAD ./source/Modules/mRs232.o
LOAD ./source/Modules/mSwitch.o
LOAD ./source/Interfaces/iCpu.o
LOAD ./source/Interfaces/iDio.o
LOAD ./source/Interfaces/iI2C.o
LOAD ./source/Interfaces/iPit.o
LOAD ./source/Interfaces/iSpi.o
LOAD ./source/Interfaces/iTPM.o
LOAD ./source/Interfaces/iUart.o
LOAD ./source/Gestionnaires/tDriveTask.o
LOAD ./source/Gestionnaires/tHMITask.o
LOAD ./source/Gestionnaires/tInputTask.o
LOAD ./source/Gestionnaires/tInterpretorTask.o
LOAD ./source/Gestionnaires/tPilotTask.o
LOAD ./source/external.o
LOAD ./source/main.o
LOAD ./board/board.o
LOAD ./board/clock_config.o
LOAD ./board/peripherals.o
LOAD ./board/pin_mux.o
LOAD ./CMSIS/system_MKL46Z4.o
START GROUP
LOAD c:/nxp/mcuxpressoide_11.3.0_5222/ide/plugins/com.nxp.mcuxpresso.tools.win32_11.3.0.202008311133/tools/bin/../lib/gcc/arm-none-eabi/9.3.1/../../../../arm-none-eabi/lib/thumb/v6-m/nofp\libcr_semihost.a
LOAD c:/nxp/mcuxpressoide_11.3.0_5222/ide/plugins/com.nxp.mcuxpresso.tools.win32_11.3.0.202008311133/tools/bin/../lib/gcc/arm-none-eabi/9.3.1/../../../../arm-none-eabi/lib/thumb/v6-m/nofp\libcr_c.a
LOAD c:/nxp/mcuxpressoide_11.3.0_5222/ide/plugins/com.nxp.mcuxpresso.tools.win32_11.3.0.202008311133/tools/bin/../lib/gcc/arm-none-eabi/9.3.1/thumb/v6-m/nofp\libcr_eabihelpers.a
LOAD c:/nxp/mcuxpressoide_11.3.0_5222/ide/plugins/com.nxp.mcuxpresso.tools.win32_11.3.0.202008311133/tools/bin/../lib/gcc/arm-none-eabi/9.3.1/thumb/v6-m/nofp\libgcc.a
END GROUP
                0x00000000                __base_PROGRAM_FLASH = 0x0
                0x00000000                __base_Flash = 0x0
                0x00040000                __top_PROGRAM_FLASH = 0x40000
                0x00040000                __top_Flash = 0x40000
                0x1fffe000                __base_SRAM = 0x1fffe000
                0x1fffe000                __base_RAM = 0x1fffe000
                0x20006000                __top_SRAM = 0x20006000
                0x20006000                __top_RAM = 0x20006000

.text           0x00000000     0x8588
 FILL mask 0xff
                0x00000000                __vectors_start__ = ABSOLUTE (.)
 *(.isr_vector)
 .isr_vector    0x00000000       0xc0 ./startup/startup_mkl46z4.o
                0x00000000                g_pfnVectors
                0x00000000                __Vectors
                0x000000c0                . = ALIGN (0x4)
                0x000000c0                __section_table_start = .
                0x000000c0                __data_section_table = .
                0x000000c0        0x4 LONG 0x8588 LOADADDR (.data)
                0x000000c4        0x4 LONG 0x1fffe080 ADDR (.data)
                0x000000c8        0x4 LONG 0x8 SIZEOF (.data)
                0x000000cc                __data_section_table_end = .
                0x000000cc                __bss_section_table = .
                0x000000cc        0x4 LONG 0x1fffe088 ADDR (.bss)
                0x000000d0        0x4 LONG 0x2e6c SIZEOF (.bss)
                0x000000d4                __bss_section_table_end = .
                0x000000d4                __section_table_end = .
 *(.after_vectors*)
 .after_vectors.init_data
                0x000000d4       0x12 ./startup/startup_mkl46z4.o
                0x000000d4                data_init
 .after_vectors.init_bss
                0x000000e6       0x10 ./startup/startup_mkl46z4.o
                0x000000e6                bss_init
 *fill*         0x000000f6        0x2 ff
 .after_vectors.reset
                0x000000f8       0x4c ./startup/startup_mkl46z4.o
                0x000000f8                ResetISR
 .after_vectors
                0x00000144      0x10c ./startup/startup_mkl46z4.o
                0x0000014e                PIT_DriverIRQHandler
                0x0000014e                I2C0_DriverIRQHandler
                0x0000014e                DMA0_DriverIRQHandler
                0x0000014e                SPI1_DriverIRQHandler
                0x0000014e                LPTMR0_DriverIRQHandler
                0x0000014e                PORTC_PORTD_DriverIRQHandler
                0x0000014e                DMA2_DriverIRQHandler
                0x0000014e                CMP0_DriverIRQHandler
                0x0000014e                I2S0_DriverIRQHandler
                0x0000014e                ADC0_DriverIRQHandler
                0x0000014e                TPM2_DriverIRQHandler
                0x0000014e                SPI0_DriverIRQHandler
                0x0000014e                UART0_DriverIRQHandler
                0x0000014e                I2C1_DriverIRQHandler
                0x0000014e                TSI0_DriverIRQHandler
                0x0000014e                RTC_Seconds_DriverIRQHandler
                0x0000014e                TPM1_DriverIRQHandler
                0x0000014e                DMA1_DriverIRQHandler
                0x0000014e                LLWU_DriverIRQHandler
                0x0000014e                MCG_DriverIRQHandler
                0x0000014e                UART2_DriverIRQHandler
                0x0000014e                UART1_DriverIRQHandler
                0x0000014e                LCD_DriverIRQHandler
                0x0000014e                FTFA_DriverIRQHandler
                0x0000014e                IntDefaultHandler
                0x0000014e                USB0_DriverIRQHandler
                0x0000014e                DAC0_DriverIRQHandler
                0x0000014e                LVD_LVW_DriverIRQHandler
                0x0000014e                TPM0_DriverIRQHandler
                0x0000014e                RTC_DriverIRQHandler
                0x0000014e                DMA3_DriverIRQHandler
                0x0000014e                Reserved20_DriverIRQHandler
                0x0000014e                PORTA_DriverIRQHandler
                0x00000150                DMA0_IRQHandler
                0x00000158                DMA1_IRQHandler
                0x00000160                DMA2_IRQHandler
                0x00000168                DMA3_IRQHandler
                0x00000170                Reserved20_IRQHandler
                0x00000178                FTFA_IRQHandler
                0x00000180                LVD_LVW_IRQHandler
                0x00000188                LLWU_IRQHandler
                0x00000190                I2C0_IRQHandler
                0x00000198                I2C1_IRQHandler
                0x000001a0                SPI0_IRQHandler
                0x000001a8                SPI1_IRQHandler
                0x000001b0                UART0_IRQHandler
                0x000001c8                ADC0_IRQHandler
                0x000001d0                CMP0_IRQHandler
                0x000001d8                TPM0_IRQHandler
                0x000001f0                RTC_IRQHandler
                0x000001f8                RTC_Seconds_IRQHandler
                0x00000208                I2S0_IRQHandler
                0x00000210                USB0_IRQHandler
                0x00000218                DAC0_IRQHandler
                0x00000220                TSI0_IRQHandler
                0x00000228                MCG_IRQHandler
                0x00000230                LPTMR0_IRQHandler
                0x00000238                LCD_IRQHandler
                0x00000240                PORTA_IRQHandler
                0x00000248                PORTC_PORTD_IRQHandler
                0x00000400                . = 0x400
 *fill*         0x00000250      0x1b0 ff
                0x00000400                PROVIDE (__FLASH_CONFIG_START__ = .)
 *(.FlashConfig)
 .FlashConfig   0x00000400       0x10 ./startup/startup_mkl46z4.o
                0x00000400                Flash_Config
                0x00000410                PROVIDE (__FLASH_CONFIG_END__ = .)
                0x00000001                ASSERT (! ((__FLASH_CONFIG_START__ == __FLASH_CONFIG_END__)), Linker Flash Config Support Enabled, but no .FlashConfig section provided within application)
 *(.text*)
 .text.xEventGroupCreate
                0x00000410       0x30 ./source/freertos/source/event_groups.o
                0x00000410                xEventGroupCreate
 .text.xEventGroupWaitBits
                0x00000440      0x148 ./source/freertos/source/event_groups.o
                0x00000440                xEventGroupWaitBits
 .text.xEventGroupSetBits
                0x00000588       0xf2 ./source/freertos/source/event_groups.o
                0x00000588                xEventGroupSetBits
 .text.prvTestWaitCondition
                0x0000067a       0x3e ./source/freertos/source/event_groups.o
 .text.vListInitialise
                0x000006b8       0x3c ./source/freertos/source/list.o
                0x000006b8                vListInitialise
 .text.vListInitialiseItem
                0x000006f4       0x16 ./source/freertos/source/list.o
                0x000006f4                vListInitialiseItem
 .text.vListInsertEnd
                0x0000070a       0x44 ./source/freertos/source/list.o
                0x0000070a                vListInsertEnd
 .text.vListInsert
                0x0000074e       0x6c ./source/freertos/source/list.o
                0x0000074e                vListInsert
 .text.uxListRemove
                0x000007ba       0x50 ./source/freertos/source/list.o
                0x000007ba                uxListRemove
 .text.xQueueGenericReset
                0x0000080a       0xa8 ./source/freertos/source/queue.o
                0x0000080a                xQueueGenericReset
 .text.xQueueGenericCreate
                0x000008b2       0x64 ./source/freertos/source/queue.o
                0x000008b2                xQueueGenericCreate
 .text.prvInitialiseNewQueue
                0x00000916       0x4e ./source/freertos/source/queue.o
 .text.xQueueGenericSend
                0x00000964      0x188 ./source/freertos/source/queue.o
                0x00000964                xQueueGenericSend
 .text.xQueueGenericSendFromISR
                0x00000aec       0xe2 ./source/freertos/source/queue.o
                0x00000aec                xQueueGenericSendFromISR
 .text.xQueueGenericReceive
                0x00000bce      0x1c8 ./source/freertos/source/queue.o
                0x00000bce                xQueueGenericReceive
 .text.prvCopyDataToQueue
                0x00000d96       0xd6 ./source/freertos/source/queue.o
 .text.prvCopyDataFromQueue
                0x00000e6c       0x4c ./source/freertos/source/queue.o
 .text.prvUnlockQueue
                0x00000eb8       0xbc ./source/freertos/source/queue.o
 .text.prvIsQueueEmpty
                0x00000f74       0x2c ./source/freertos/source/queue.o
 .text.prvIsQueueFull
                0x00000fa0       0x30 ./source/freertos/source/queue.o
 .text.vQueueAddToRegistry
                0x00000fd0       0x50 ./source/freertos/source/queue.o
                0x00000fd0                vQueueAddToRegistry
 .text.vQueueWaitForMessageRestricted
                0x00001020       0x66 ./source/freertos/source/queue.o
                0x00001020                vQueueWaitForMessageRestricted
 *fill*         0x00001086        0x2 ff
 .text.xconfigTimerForRunTimeStats
                0x00001088       0x3c ./source/freertos/source/runTimeStatsTimer.o
                0x00001088                xconfigTimerForRunTimeStats
 .text.xTaskCreate
                0x000010c4       0x90 ./source/freertos/source/tasks.o
                0x000010c4                xTaskCreate
 .text.prvInitialiseNewTask
                0x00001154      0x130 ./source/freertos/source/tasks.o
 .text.prvAddNewTaskToReadyList
                0x00001284       0xd0 ./source/freertos/source/tasks.o
 .text.vTaskDelete
                0x00001354       0xc8 ./source/freertos/source/tasks.o
                0x00001354                vTaskDelete
 .text.vTaskDelay
                0x0000141c       0x4c ./source/freertos/source/tasks.o
                0x0000141c                vTaskDelay
 .text.vTaskStartScheduler
                0x00001468       0x7c ./source/freertos/source/tasks.o
                0x00001468                vTaskStartScheduler
 .text.vTaskSuspendAll
                0x000014e4       0x18 ./source/freertos/source/tasks.o
                0x000014e4                vTaskSuspendAll
 .text.xTaskResumeAll
                0x000014fc      0x118 ./source/freertos/source/tasks.o
                0x000014fc                xTaskResumeAll
 .text.xTaskGetTickCount
                0x00001614       0x1c ./source/freertos/source/tasks.o
                0x00001614                xTaskGetTickCount
 .text.xTaskIncrementTick
                0x00001630      0x14c ./source/freertos/source/tasks.o
                0x00001630                xTaskIncrementTick
 .text.vTaskSwitchContext
                0x0000177c       0xe0 ./source/freertos/source/tasks.o
                0x0000177c                vTaskSwitchContext
 .text.vTaskPlaceOnEventList
                0x0000185c       0x3c ./source/freertos/source/tasks.o
                0x0000185c                vTaskPlaceOnEventList
 .text.vTaskPlaceOnUnorderedEventList
                0x00001898       0x5c ./source/freertos/source/tasks.o
                0x00001898                vTaskPlaceOnUnorderedEventList
 .text.vTaskPlaceOnEventListRestricted
                0x000018f4       0x4c ./source/freertos/source/tasks.o
                0x000018f4                vTaskPlaceOnEventListRestricted
 .text.xTaskRemoveFromEventList
                0x00001940       0xb8 ./source/freertos/source/tasks.o
                0x00001940                xTaskRemoveFromEventList
 .text.xTaskRemoveFromUnorderedEventList
                0x000019f8       0xb0 ./source/freertos/source/tasks.o
                0x000019f8                xTaskRemoveFromUnorderedEventList
 .text.vTaskSetTimeOutState
                0x00001aa8       0x34 ./source/freertos/source/tasks.o
                0x00001aa8                vTaskSetTimeOutState
 .text.xTaskCheckForTimeOut
                0x00001adc       0x9c ./source/freertos/source/tasks.o
                0x00001adc                xTaskCheckForTimeOut
 .text.vTaskMissedYield
                0x00001b78       0x14 ./source/freertos/source/tasks.o
                0x00001b78                vTaskMissedYield
 .text.prvIdleTask
                0x00001b8c       0x20 ./source/freertos/source/tasks.o
 .text.prvInitialiseTaskLists
                0x00001bac       0x88 ./source/freertos/source/tasks.o
 .text.prvCheckTasksWaitingTermination
                0x00001c34       0x78 ./source/freertos/source/tasks.o
 .text.prvDeleteTCB
                0x00001cac       0x22 ./source/freertos/source/tasks.o
 *fill*         0x00001cce        0x2 ff
 .text.prvResetNextTaskUnblockTime
                0x00001cd0       0x48 ./source/freertos/source/tasks.o
 .text.xTaskGetSchedulerState
                0x00001d18       0x38 ./source/freertos/source/tasks.o
                0x00001d18                xTaskGetSchedulerState
 .text.vTaskPriorityInherit
                0x00001d50       0xbc ./source/freertos/source/tasks.o
                0x00001d50                vTaskPriorityInherit
 .text.xTaskPriorityDisinherit
                0x00001e0c       0xb8 ./source/freertos/source/tasks.o
                0x00001e0c                xTaskPriorityDisinherit
 .text.uxTaskResetEventItemValue
                0x00001ec4       0x2c ./source/freertos/source/tasks.o
                0x00001ec4                uxTaskResetEventItemValue
 .text.pvTaskIncrementMutexHeldCount
                0x00001ef0       0x24 ./source/freertos/source/tasks.o
                0x00001ef0                pvTaskIncrementMutexHeldCount
 .text.prvAddCurrentTaskToDelayedList
                0x00001f14       0xa8 ./source/freertos/source/tasks.o
 .text.xTimerCreateTimerTask
                0x00001fbc       0x54 ./source/freertos/source/timers.o
                0x00001fbc                xTimerCreateTimerTask
 .text.xTimerGenericCommand
                0x00002010       0x94 ./source/freertos/source/timers.o
                0x00002010                xTimerGenericCommand
 .text.prvProcessExpiredTimer
                0x000020a4       0x70 ./source/freertos/source/timers.o
 .text.prvTimerTask
                0x00002114       0x28 ./source/freertos/source/timers.o
 .text.prvProcessTimerOrBlockTask
                0x0000213c       0x8c ./source/freertos/source/timers.o
 .text.prvGetNextExpireTime
                0x000021c8       0x40 ./source/freertos/source/timers.o
 .text.prvSampleTimeNow
                0x00002208       0x40 ./source/freertos/source/timers.o
 .text.prvInsertTimerInActiveList
                0x00002248       0x84 ./source/freertos/source/timers.o
 .text.prvProcessReceivedCommands
                0x000022cc      0x128 ./source/freertos/source/timers.o
 .text.prvSwitchTimerLists
                0x000023f4       0xb4 ./source/freertos/source/timers.o
 .text.prvCheckForValidListAndQueue
                0x000024a8       0x74 ./source/freertos/source/timers.o
 .text.prvSetupTimerInterrupt
                0x0000251c       0x40 ./source/freertos/portable/fsl_tickless_systick.o
                0x0000251c                prvSetupTimerInterrupt
 .text.pvPortMalloc
                0x0000255c      0x14c ./source/freertos/portable/heap_4.o
                0x0000255c                pvPortMalloc
 .text.vPortFree
                0x000026a8       0x90 ./source/freertos/portable/heap_4.o
                0x000026a8                vPortFree
 .text.prvHeapInit
                0x00002738       0xc0 ./source/freertos/portable/heap_4.o
 .text.prvInsertBlockIntoFreeList
                0x000027f8       0xb0 ./source/freertos/portable/heap_4.o
 .text.pxPortInitialiseStack
                0x000028a8       0x54 ./source/freertos/portable/port.o
                0x000028a8                pxPortInitialiseStack
 .text.prvTaskExitError
                0x000028fc       0x18 ./source/freertos/portable/port.o
 .text.SVC_Handler
                0x00002914        0xa ./source/freertos/portable/port.o
                0x00002914                SVC_Handler
 *fill*         0x0000291e        0x2 ff
 .text.vPortStartFirstTask
                0x00002920       0x38 ./source/freertos/portable/port.o
 .text.xPortStartScheduler
                0x00002958       0x44 ./source/freertos/portable/port.o
                0x00002958                xPortStartScheduler
 .text.vPortYield
                0x0000299c       0x20 ./source/freertos/portable/port.o
                0x0000299c                vPortYield
 .text.vPortEnterCritical
                0x000029bc       0x24 ./source/freertos/portable/port.o
                0x000029bc                vPortEnterCritical
 .text.vPortExitCritical
                0x000029e0       0x30 ./source/freertos/portable/port.o
                0x000029e0                vPortExitCritical
 .text.ulSetInterruptMaskFromISR
                0x00002a10        0xc ./source/freertos/portable/port.o
                0x00002a10                ulSetInterruptMaskFromISR
 .text.vClearInterruptMaskFromISR
                0x00002a1c        0x8 ./source/freertos/portable/port.o
                0x00002a1c                vClearInterruptMaskFromISR
 *fill*         0x00002a24        0xc ff
 .text.PendSV_Handler
                0x00002a30       0x48 ./source/freertos/portable/port.o
                0x00002a30                PendSV_Handler
 .text.SysTick_Handler
                0x00002a78       0x34 ./source/freertos/portable/port.o
                0x00002a78                SysTick_Handler
 .text.HardFault_Handler
                0x00002aac       0x30 ./source/Utils/semihost_hardfault.o
                0x00002aac                HardFault_Handler
 .text.mCpu_Setup
                0x00002adc        0xe ./source/Modules/mCpu.o
                0x00002adc                mCpu_Setup
 .text.mIMU_Setup
                0x00002aea        0xe ./source/Modules/mIMU.o
                0x00002aea                mIMU_Setup
 .text.mIMU_Open
                0x00002af8       0x2c ./source/Modules/mIMU.o
                0x00002af8                mIMU_Open
 .text.mIMU_WriteData
                0x00002b24       0x48 ./source/Modules/mIMU.o
                0x00002b24                mIMU_WriteData
 .text.mIMU_ReadData
                0x00002b6c       0x3a ./source/Modules/mIMU.o
                0x00002b6c                mIMU_ReadData
 .text.mIMU_GetAccX
                0x00002ba6       0x38 ./source/Modules/mIMU.o
                0x00002ba6                mIMU_GetAccX
 .text.mIMU_GetAccY
                0x00002bde       0x38 ./source/Modules/mIMU.o
                0x00002bde                mIMU_GetAccY
 .text.mIMU_GetAccZ
                0x00002c16       0x38 ./source/Modules/mIMU.o
                0x00002c16                mIMU_GetAccZ
 .text.mIMU_GetGyroX
                0x00002c4e       0x38 ./source/Modules/mIMU.o
                0x00002c4e                mIMU_GetGyroX
 .text.mIMU_GetGyroY
                0x00002c86       0x38 ./source/Modules/mIMU.o
                0x00002c86                mIMU_GetGyroY
 .text.mIMU_GetGyroZ
                0x00002cbe       0x38 ./source/Modules/mIMU.o
                0x00002cbe                mIMU_GetGyroZ
 .text.mIcOc_Setup
                0x00002cf6       0x38 ./source/Modules/mIcOc.o
                0x00002cf6                mIcOc_Setup
 .text.mIcOc_Open
                0x00002d2e        0xa ./source/Modules/mIcOc.o
                0x00002d2e                mIcOc_Open
 .text.mIcOc_StartDistMesure
                0x00002d38       0x2c ./source/Modules/mIcOc.o
                0x00002d38                mIcOc_StartDistMesure
 .text.mIcOc_GetDistFront
                0x00002d64       0x10 ./source/Modules/mIcOc.o
                0x00002d64                mIcOc_GetDistFront
 .text.mIcOc_GetDistBack
                0x00002d74       0x10 ./source/Modules/mIcOc.o
                0x00002d74                mIcOc_GetDistBack
 .text.mIcOc_GetDistLeft
                0x00002d84       0x10 ./source/Modules/mIcOc.o
                0x00002d84                mIcOc_GetDistLeft
 .text.mIcOc_GetDistRight
                0x00002d94       0x10 ./source/Modules/mIcOc.o
                0x00002d94                mIcOc_GetDistRight
 .text.mIcOc_MoteurGauche
                0x00002da4       0x50 ./source/Modules/mIcOc.o
                0x00002da4                mIcOc_MoteurGauche
 .text.mIcOc_MoteurDroit
                0x00002df4       0x50 ./source/Modules/mIcOc.o
                0x00002df4                mIcOc_MoteurDroit
 .text.mLcd_Setup
                0x00002e44       0xc4 ./source/Modules/mLcd.o
                0x00002e44                mLcd_Setup
 .text.mLcd_Open
                0x00002f08       0x92 ./source/Modules/mLcd.o
                0x00002f08                mLcd_Open
 .text.mLcd_SendLcdCmd
                0x00002f9a       0x60 ./source/Modules/mLcd.o
 *fill*         0x00002ffa        0x2 ff
 .text.mLcd_ReadLcdBusy
                0x00002ffc       0x80 ./source/Modules/mLcd.o
 .text.mLeds_Setup
                0x0000307c       0x54 ./source/Modules/mLeds.o
                0x0000307c                mLeds_Setup
 .text.mLine_Setup
                0x000030d0        0xe ./source/Modules/mLine.o
                0x000030d0                mLine_Setup
 .text.mLine_Open
                0x000030de       0x6a ./source/Modules/mLine.o
                0x000030de                mLine_Open
 .text.mLine_GetData
                0x00003148       0xf6 ./source/Modules/mLine.o
 .text.mLine_SetData
                0x0000323e       0xd0 ./source/Modules/mLine.o
 .text.mLine_GetRaw
                0x0000330e       0x2c ./source/Modules/mLine.o
                0x0000330e                mLine_GetRaw
 .text.mRs232_Setup
                0x0000333a       0x18 ./source/Modules/mRs232.o
                0x0000333a                mRs232_Setup
 .text.mRs232_Open
                0x00003352       0x1a ./source/Modules/mRs232.o
                0x00003352                mRs232_Open
 .text.mSwitch_Setup
                0x0000336c       0xa0 ./source/Modules/mSwitch.o
                0x0000336c                mSwitch_Setup
 .text.mSwitch_ReadSwitch
                0x0000340c       0x74 ./source/Modules/mSwitch.o
                0x0000340c                mSwitch_ReadSwitch
 .text.mSwitch_ReadPushBut
                0x00003480       0x6c ./source/Modules/mSwitch.o
                0x00003480                mSwitch_ReadPushBut
 .text.iCpu_CLKInit
                0x000034ec      0x11c ./source/Interfaces/iCpu.o
                0x000034ec                iCpu_CLKInit
 .text.NMI_Handler
                0x00003608       0x18 ./source/Interfaces/iCpu.o
                0x00003608                NMI_Handler
 .text.iDio_EnablePortClk
                0x00003620       0x20 ./source/Interfaces/iDio.o
                0x00003620                iDio_EnablePortClk
 .text.iDio_PinConfig
                0x00003640       0xc0 ./source/Interfaces/iDio.o
                0x00003640                iDio_PinConfig
 .text.iDio_SetPortDirection
                0x00003700       0x94 ./source/Interfaces/iDio.o
                0x00003700                iDio_SetPortDirection
 .text.iDio_SetPort
                0x00003794       0x94 ./source/Interfaces/iDio.o
                0x00003794                iDio_SetPort
 .text.iDio_GetPort
                0x00003828       0x78 ./source/Interfaces/iDio.o
                0x00003828                iDio_GetPort
 .text.iDio_PortLcd
                0x000038a0       0x9c ./source/Interfaces/iDio.o
                0x000038a0                iDio_PortLcd
 .text.iI2C_Config
                0x0000393c       0x78 ./source/Interfaces/iI2C.o
                0x0000393c                iI2C_Config
 .text.iI2C_Enable
                0x000039b4       0x20 ./source/Interfaces/iI2C.o
                0x000039b4                iI2C_Enable
 .text.iI2C_SetStartState
                0x000039d4       0x20 ./source/Interfaces/iI2C.o
                0x000039d4                iI2C_SetStartState
 .text.iI2C_SetRepeatedStartSate
                0x000039f4       0x20 ./source/Interfaces/iI2C.o
                0x000039f4                iI2C_SetRepeatedStartSate
 .text.iI2C_SetStopState
                0x00003a14       0x20 ./source/Interfaces/iI2C.o
                0x00003a14                iI2C_SetStopState
 .text.iI2C_SetAckMode
                0x00003a34       0x4c ./source/Interfaces/iI2C.o
                0x00003a34                iI2C_SetAckMode
 .text.iI2C_TxRxSelect
                0x00003a80       0x4c ./source/Interfaces/iI2C.o
                0x00003a80                iI2C_TxRxSelect
 .text.iI2C_SendData
                0x00003acc       0x20 ./source/Interfaces/iI2C.o
                0x00003acc                iI2C_SendData
 .text.iI2C_WaitEndOfRxOrTx
                0x00003aec       0x30 ./source/Interfaces/iI2C.o
                0x00003aec                iI2C_WaitEndOfRxOrTx
 .text.iI2C_ReadData
                0x00003b1c       0x24 ./source/Interfaces/iI2C.o
                0x00003b1c                iI2C_ReadData
 .text.iI2C_ReadStatus
                0x00003b40       0x34 ./source/Interfaces/iI2C.o
                0x00003b40                iI2C_ReadStatus
 .text.PIT_IRQHandler
                0x00003b74      0x110 ./source/Interfaces/iPit.o
                0x00003b74                PIT_IRQHandler
 .text.iSpi_Setup
                0x00003c84      0x138 ./source/Interfaces/iSpi.o
                0x00003c84                iSpi_Setup
 .text.iSpi_Enable
                0x00003dbc       0x20 ./source/Interfaces/iSpi.o
                0x00003dbc                iSpi_Enable
 .text.iSpi_IsLastTickReceived
                0x00003ddc       0x24 ./source/Interfaces/iSpi.o
                0x00003ddc                iSpi_IsLastTickReceived
 .text.iSpi_IsBufferEmpty
                0x00003e00       0x24 ./source/Interfaces/iSpi.o
                0x00003e00                iSpi_IsBufferEmpty
 .text.iSpi_SendData
                0x00003e24       0x5c ./source/Interfaces/iSpi.o
                0x00003e24                iSpi_SendData
 .text.NVIC_EnableIRQ
                0x00003e80       0x2c ./source/Interfaces/iTPM.o
 .text.NVIC_SetPriority
                0x00003eac       0xdc ./source/Interfaces/iTPM.o
 .text.iTPM_Config
                0x00003f88      0x198 ./source/Interfaces/iTPM.o
                0x00003f88                iTPM_Config
 .text.iTPM_UpdatePWM
                0x00004120       0xc8 ./source/Interfaces/iTPM.o
                0x00004120                iTPM_UpdatePWM
 .text.iTPM_GetDistFront
                0x000041e8       0x64 ./source/Interfaces/iTPM.o
                0x000041e8                iTPM_GetDistFront
 .text.iTPM_GetDistBack
                0x0000424c       0x64 ./source/Interfaces/iTPM.o
                0x0000424c                iTPM_GetDistBack
 .text.iTPM_GetDistLeft
                0x000042b0       0x64 ./source/Interfaces/iTPM.o
                0x000042b0                iTPM_GetDistLeft
 .text.iTPM_GetDistRight
                0x00004314       0x64 ./source/Interfaces/iTPM.o
                0x00004314                iTPM_GetDistRight
 .text.TPM2_IRQHandler
                0x00004378      0x194 ./source/Interfaces/iTPM.o
                0x00004378                TPM2_IRQHandler
 .text.TPM1_IRQHandler
                0x0000450c      0x194 ./source/Interfaces/iTPM.o
                0x0000450c                TPM1_IRQHandler
 .text.NVIC_EnableIRQ
                0x000046a0       0x2c ./source/Interfaces/iUart.o
 .text.NVIC_SetPriority
                0x000046cc       0xdc ./source/Interfaces/iUart.o
 .text.iUart_Config
                0x000047a8      0x1b8 ./source/Interfaces/iUart.o
                0x000047a8                iUart_Config
 .text.iUart_EnDisTx
                0x00004960       0x98 ./source/Interfaces/iUart.o
                0x00004960                iUart_EnDisTx
 .text.iUart_EnDisRx
                0x000049f8       0x98 ./source/Interfaces/iUart.o
                0x000049f8                iUart_EnDisRx
 .text.iUart_GetStatus
                0x00004a90       0x6c ./source/Interfaces/iUart.o
                0x00004a90                iUart_GetStatus
 .text.iUart_SetData
                0x00004afc       0x44 ./source/Interfaces/iUart.o
                0x00004afc                iUart_SetData
 .text.iUart_InitRxBuffer
                0x00004b40       0xd4 ./source/Interfaces/iUart.o
                0x00004b40                iUart_InitRxBuffer
 .text.UART1_IRQHandler
                0x00004c14       0xac ./source/Interfaces/iUart.o
                0x00004c14                UART1_IRQHandler
 .text.UART2_IRQHandler
                0x00004cc0       0x94 ./source/Interfaces/iUart.o
                0x00004cc0                UART2_IRQHandler
 .text.tDriveTask
                0x00004d54      0x128 ./source/Gestionnaires/tDriveTask.o
                0x00004d54                tDriveTask
 .text.tHMITask
                0x00004e7c       0x34 ./source/Gestionnaires/tHMITask.o
                0x00004e7c                tHMITask
 .text.tInputTask
                0x00004eb0      0x178 ./source/Gestionnaires/tInputTask.o
                0x00004eb0                tInputTask
 .text.tInterpretorTask
                0x00005028      0x1a8 ./source/Gestionnaires/tInterpretorTask.o
                0x00005028                tInterpretorTask
 .text.tPilotTask
                0x000051d0       0xb4 ./source/Gestionnaires/tPilotTask.o
                0x000051d0                tPilotTask
 .text.AppStartTask
                0x00005284       0xf8 ./source/main.o
                0x00005284                AppStartTask
 .text.main     0x0000537c       0x38 ./source/main.o
                0x0000537c                main
 .text.SystemInit
                0x000053b4       0x18 ./CMSIS/system_MKL46Z4.o
                0x000053b4                SystemInit
 .text.__main   0x000053cc        0xc c:/nxp/mcuxpressoide_11.3.0_5222/ide/plugins/com.nxp.mcuxpresso.tools.win32_11.3.0.202008311133/tools/bin/../lib/gcc/arm-none-eabi/9.3.1/../../../../arm-none-eabi/lib/thumb/v6-m/nofp\libcr_semihost.a(_cr__main.o)
                0x000053cc                __CR_SEMIHOST
                0x000053cc                __main
 .text.memcpy   0x000053d8        0x8 c:/nxp/mcuxpressoide_11.3.0_5222/ide/plugins/com.nxp.mcuxpresso.tools.win32_11.3.0.202008311133/tools/bin/../lib/gcc/arm-none-eabi/9.3.1/../../../../arm-none-eabi/lib/thumb/v6-m/nofp\libcr_c.a(memcpy.o)
                0x000053d8                memcpy
 .text.memset   0x000053e0        0x8 c:/nxp/mcuxpressoide_11.3.0_5222/ide/plugins/com.nxp.mcuxpresso.tools.win32_11.3.0.202008311133/tools/bin/../lib/gcc/arm-none-eabi/9.3.1/../../../../arm-none-eabi/lib/thumb/v6-m/nofp\libcr_c.a(memset.o)
                0x000053e0                memset
 .text.fabs     0x000053e8       0x22 c:/nxp/mcuxpressoide_11.3.0_5222/ide/plugins/com.nxp.mcuxpresso.tools.win32_11.3.0.202008311133/tools/bin/../lib/gcc/arm-none-eabi/9.3.1/../../../../arm-none-eabi/lib/thumb/v6-m/nofp\libcr_c.a(fabs.o)
                0x000053e8                fabs
 .text.fp_round
                0x0000540a       0x4a c:/nxp/mcuxpressoide_11.3.0_5222/ide/plugins/com.nxp.mcuxpresso.tools.win32_11.3.0.202008311133/tools/bin/../lib/gcc/arm-none-eabi/9.3.1/../../../../arm-none-eabi/lib/thumb/v6-m/nofp\libcr_c.a(fpprintf.o)
 .text.pr_dec.constprop.0
                0x00005454       0x30 c:/nxp/mcuxpressoide_11.3.0_5222/ide/plugins/com.nxp.mcuxpresso.tools.win32_11.3.0.202008311133/tools/bin/../lib/gcc/arm-none-eabi/9.3.1/../../../../arm-none-eabi/lib/thumb/v6-m/nofp\libcr_c.a(fpprintf.o)
 .text.sprintf  0x00005484       0x6c c:/nxp/mcuxpressoide_11.3.0_5222/ide/plugins/com.nxp.mcuxpresso.tools.win32_11.3.0.202008311133/tools/bin/../lib/gcc/arm-none-eabi/9.3.1/../../../../arm-none-eabi/lib/thumb/v6-m/nofp\libcr_c.a(fpprintf.o)
                0x00005484                sprintf
 .text.fp_display
                0x000054f0      0x97c c:/nxp/mcuxpressoide_11.3.0_5222/ide/plugins/com.nxp.mcuxpresso.tools.win32_11.3.0.202008311133/tools/bin/../lib/gcc/arm-none-eabi/9.3.1/../../../../arm-none-eabi/lib/thumb/v6-m/nofp\libcr_c.a(fpprintf.o)
 .text.vsnprintf
                0x00005e6c       0x70 c:/nxp/mcuxpressoide_11.3.0_5222/ide/plugins/com.nxp.mcuxpresso.tools.win32_11.3.0.202008311133/tools/bin/../lib/gcc/arm-none-eabi/9.3.1/../../../../arm-none-eabi/lib/thumb/v6-m/nofp\libcr_c.a(fpprintf.o)
                0x00005e6c                vsnprintf
 .text.printf   0x00005edc       0x50 c:/nxp/mcuxpressoide_11.3.0_5222/ide/plugins/com.nxp.mcuxpresso.tools.win32_11.3.0.202008311133/tools/bin/../lib/gcc/arm-none-eabi/9.3.1/../../../../arm-none-eabi/lib/thumb/v6-m/nofp\libcr_c.a(fpprintf.o)
                0x00005edc                printf
 .text._initio  0x00005f2c       0x7c c:/nxp/mcuxpressoide_11.3.0_5222/ide/plugins/com.nxp.mcuxpresso.tools.win32_11.3.0.202008311133/tools/bin/../lib/gcc/arm-none-eabi/9.3.1/../../../../arm-none-eabi/lib/thumb/v6-m/nofp\libcr_c.a(initio.o)
                0x00005f2c                _initio
 .text.__vfprintf
                0x00005fa8      0xd40 c:/nxp/mcuxpressoide_11.3.0_5222/ide/plugins/com.nxp.mcuxpresso.tools.win32_11.3.0.202008311133/tools/bin/../lib/gcc/arm-none-eabi/9.3.1/../../../../arm-none-eabi/lib/thumb/v6-m/nofp\libcr_c.a(printf.o)
                0x00005fa8                __vfprintf
 .text.setvbuf  0x00006ce8       0x4c c:/nxp/mcuxpressoide_11.3.0_5222/ide/plugins/com.nxp.mcuxpresso.tools.win32_11.3.0.202008311133/tools/bin/../lib/gcc/arm-none-eabi/9.3.1/../../../../arm-none-eabi/lib/thumb/v6-m/nofp\libcr_c.a(setvbuf.o)
                0x00006ce8                setvbuf
 .text.strlen   0x00006d34       0x58 c:/nxp/mcuxpressoide_11.3.0_5222/ide/plugins/com.nxp.mcuxpresso.tools.win32_11.3.0.202008311133/tools/bin/../lib/gcc/arm-none-eabi/9.3.1/../../../../arm-none-eabi/lib/thumb/v6-m/nofp\libcr_c.a(strlen.o)
                0x00006d34                strlen
 .text._deferredlazyseek
                0x00006d8c       0x40 c:/nxp/mcuxpressoide_11.3.0_5222/ide/plugins/com.nxp.mcuxpresso.tools.win32_11.3.0.202008311133/tools/bin/../lib/gcc/arm-none-eabi/9.3.1/../../../../arm-none-eabi/lib/thumb/v6-m/nofp\libcr_c.a(_deferredlazyseek.o)
                0x00006d8c                _deferredlazyseek
 .text.__flsbuf
                0x00006dcc      0x150 c:/nxp/mcuxpressoide_11.3.0_5222/ide/plugins/com.nxp.mcuxpresso.tools.win32_11.3.0.202008311133/tools/bin/../lib/gcc/arm-none-eabi/9.3.1/../../../../arm-none-eabi/lib/thumb/v6-m/nofp\libcr_c.a(_deferredlazyseek.o)
                0x00006dcc                __flsbuf
 .text._fdopen  0x00006f1c       0x74 c:/nxp/mcuxpressoide_11.3.0_5222/ide/plugins/com.nxp.mcuxpresso.tools.win32_11.3.0.202008311133/tools/bin/../lib/gcc/arm-none-eabi/9.3.1/../../../../arm-none-eabi/lib/thumb/v6-m/nofp\libcr_c.a(_fdopen.o)
                0x00006f1c                _fdopen
 .text._fflush  0x00006f90       0x60 c:/nxp/mcuxpressoide_11.3.0_5222/ide/plugins/com.nxp.mcuxpresso.tools.win32_11.3.0.202008311133/tools/bin/../lib/gcc/arm-none-eabi/9.3.1/../../../../arm-none-eabi/lib/thumb/v6-m/nofp\libcr_c.a(_fflush.o)
                0x00006f90                _fflush
 .text._frexpl  0x00006ff0       0x80 c:/nxp/mcuxpressoide_11.3.0_5222/ide/plugins/com.nxp.mcuxpresso.tools.win32_11.3.0.202008311133/tools/bin/../lib/gcc/arm-none-eabi/9.3.1/../../../../arm-none-eabi/lib/thumb/v6-m/nofp\libcr_c.a(_frexpl.o)
                0x00006ff0                _frexpl
 .text._ldexpl  0x00007070       0x58 c:/nxp/mcuxpressoide_11.3.0_5222/ide/plugins/com.nxp.mcuxpresso.tools.win32_11.3.0.202008311133/tools/bin/../lib/gcc/arm-none-eabi/9.3.1/../../../../arm-none-eabi/lib/thumb/v6-m/nofp\libcr_c.a(_ldexpl.o)
                0x00007070                _ldexpl
 .text._Cwritebuf
                0x000070c8       0x68 c:/nxp/mcuxpressoide_11.3.0_5222/ide/plugins/com.nxp.mcuxpresso.tools.win32_11.3.0.202008311133/tools/bin/../lib/gcc/arm-none-eabi/9.3.1/../../../../arm-none-eabi/lib/thumb/v6-m/nofp\libcr_c.a(_writebuf.o)
                0x000070c8                _Cwritebuf
 .text.malloc   0x00007130       0xd0 c:/nxp/mcuxpressoide_11.3.0_5222/ide/plugins/com.nxp.mcuxpresso.tools.win32_11.3.0.202008311133/tools/bin/../lib/gcc/arm-none-eabi/9.3.1/../../../../arm-none-eabi/lib/thumb/v6-m/nofp\libcr_c.a(alloc.o)
                0x00007130                malloc
 .text.free     0x00007200       0x2c c:/nxp/mcuxpressoide_11.3.0_5222/ide/plugins/com.nxp.mcuxpresso.tools.win32_11.3.0.202008311133/tools/bin/../lib/gcc/arm-none-eabi/9.3.1/../../../../arm-none-eabi/lib/thumb/v6-m/nofp\libcr_c.a(alloc.o)
                0x00007200                free
 .text._Csys_alloc
                0x0000722c       0x20 c:/nxp/mcuxpressoide_11.3.0_5222/ide/plugins/com.nxp.mcuxpresso.tools.win32_11.3.0.202008311133/tools/bin/../lib/gcc/arm-none-eabi/9.3.1/../../../../arm-none-eabi/lib/thumb/v6-m/nofp\libcr_c.a(alloc.o)
                0x0000722c                _Csys_alloc
 .text.fclose   0x0000724c       0x5c c:/nxp/mcuxpressoide_11.3.0_5222/ide/plugins/com.nxp.mcuxpresso.tools.win32_11.3.0.202008311133/tools/bin/../lib/gcc/arm-none-eabi/9.3.1/../../../../arm-none-eabi/lib/thumb/v6-m/nofp\libcr_c.a(fclose.o)
                0x0000724c                fclose
 .text.fflush   0x000072a8       0x44 c:/nxp/mcuxpressoide_11.3.0_5222/ide/plugins/com.nxp.mcuxpresso.tools.win32_11.3.0.202008311133/tools/bin/../lib/gcc/arm-none-eabi/9.3.1/../../../../arm-none-eabi/lib/thumb/v6-m/nofp\libcr_c.a(fflush.o)
                0x000072a8                fflush
 .text.fseek    0x000072ec       0xf4 c:/nxp/mcuxpressoide_11.3.0_5222/ide/plugins/com.nxp.mcuxpresso.tools.win32_11.3.0.202008311133/tools/bin/../lib/gcc/arm-none-eabi/9.3.1/../../../../arm-none-eabi/lib/thumb/v6-m/nofp\libcr_c.a(fseek.o)
                0x000072ec                fseek
 .text.ftell    0x000073e0       0x48 c:/nxp/mcuxpressoide_11.3.0_5222/ide/plugins/com.nxp.mcuxpresso.tools.win32_11.3.0.202008311133/tools/bin/../lib/gcc/arm-none-eabi/9.3.1/../../../../arm-none-eabi/lib/thumb/v6-m/nofp\libcr_c.a(ftell.o)
                0x000073e0                ftell
 .text.remove   0x00007428       0x12 c:/nxp/mcuxpressoide_11.3.0_5222/ide/plugins/com.nxp.mcuxpresso.tools.win32_11.3.0.202008311133/tools/bin/../lib/gcc/arm-none-eabi/9.3.1/../../../../arm-none-eabi/lib/thumb/v6-m/nofp\libcr_c.a(remove.o)
                0x00007428                remove
 *fill*         0x0000743a        0x2 ff
 .text._sbrk    0x0000743c       0x44 c:/nxp/mcuxpressoide_11.3.0_5222/ide/plugins/com.nxp.mcuxpresso.tools.win32_11.3.0.202008311133/tools/bin/../lib/gcc/arm-none-eabi/9.3.1/../../../../arm-none-eabi/lib/thumb/v6-m/nofp\libcr_c.a(_cr_sbrk.o)
                0x0000743c                _sbrk
 .text._do_fflush
                0x00007480       0x48 c:/nxp/mcuxpressoide_11.3.0_5222/ide/plugins/com.nxp.mcuxpresso.tools.win32_11.3.0.202008311133/tools/bin/../lib/gcc/arm-none-eabi/9.3.1/../../../../arm-none-eabi/lib/thumb/v6-m/nofp\libcr_c.a(_do_fflush.o)
                0x00007480                _do_fflush
 .text.__check_heap_overflow
                0x000074c8       0x14 c:/nxp/mcuxpressoide_11.3.0_5222/ide/plugins/com.nxp.mcuxpresso.tools.win32_11.3.0.202008311133/tools/bin/../lib/gcc/arm-none-eabi/9.3.1/../../../../arm-none-eabi/lib/thumb/v6-m/nofp\libcr_c.a(_cr_check_heap.o)
                0x000074c8                __check_heap_overflow
 .text.__aeabi_division_idivmod
                0x000074dc       0x78 c:/nxp/mcuxpressoide_11.3.0_5222/ide/plugins/com.nxp.mcuxpresso.tools.win32_11.3.0.202008311133/tools/bin/../lib/gcc/arm-none-eabi/9.3.1/thumb/v6-m/nofp\libcr_eabihelpers.a(division_32.o)
                0x000074dc                __aeabi_idivmod
                0x000074dc                __aeabi_idiv
                0x000074e2                __aeabi_uidivmod
                0x000074e2                __aeabi_uidiv
 .text.__aeabi_division_idiv0
                0x00007554        0x2 c:/nxp/mcuxpressoide_11.3.0_5222/ide/plugins/com.nxp.mcuxpresso.tools.win32_11.3.0.202008311133/tools/bin/../lib/gcc/arm-none-eabi/9.3.1/thumb/v6-m/nofp\libcr_eabihelpers.a(division_idiv0.o)
                0x00007554                __aeabi_idiv0
 *fill*         0x00007556        0x2 ff
 .text.__aeabi_dmul
                0x00007558      0x184 c:/nxp/mcuxpressoide_11.3.0_5222/ide/plugins/com.nxp.mcuxpresso.tools.win32_11.3.0.202008311133/tools/bin/../lib/gcc/arm-none-eabi/9.3.1/thumb/v6-m/nofp\libcr_eabihelpers.a(double.o)
                0x00007558                __aeabi_dmul
 .text.__aeabi_ddiv
                0x000076dc      0x150 c:/nxp/mcuxpressoide_11.3.0_5222/ide/plugins/com.nxp.mcuxpresso.tools.win32_11.3.0.202008311133/tools/bin/../lib/gcc/arm-none-eabi/9.3.1/thumb/v6-m/nofp\libcr_eabihelpers.a(double.o)
                0x000076dc                __aeabi_ddiv
 .text.__aeabi_dsub
                0x0000782c      0x1e4 c:/nxp/mcuxpressoide_11.3.0_5222/ide/plugins/com.nxp.mcuxpresso.tools.win32_11.3.0.202008311133/tools/bin/../lib/gcc/arm-none-eabi/9.3.1/thumb/v6-m/nofp\libcr_eabihelpers.a(double.o)
                0x0000782c                __aeabi_dsub
 .text.__aeabi_dadd
                0x00007a10      0x134 c:/nxp/mcuxpressoide_11.3.0_5222/ide/plugins/com.nxp.mcuxpresso.tools.win32_11.3.0.202008311133/tools/bin/../lib/gcc/arm-none-eabi/9.3.1/thumb/v6-m/nofp\libcr_eabihelpers.a(double.o)
                0x00007a10                __aeabi_dadd
 .text.__aeabi_d2f
                0x00007b44       0x60 c:/nxp/mcuxpressoide_11.3.0_5222/ide/plugins/com.nxp.mcuxpresso.tools.win32_11.3.0.202008311133/tools/bin/../lib/gcc/arm-none-eabi/9.3.1/thumb/v6-m/nofp\libcr_eabihelpers.a(double.o)
                0x00007b44                __aeabi_d2f
 .text.__aeabi_d2iz
                0x00007ba4       0x50 c:/nxp/mcuxpressoide_11.3.0_5222/ide/plugins/com.nxp.mcuxpresso.tools.win32_11.3.0.202008311133/tools/bin/../lib/gcc/arm-none-eabi/9.3.1/thumb/v6-m/nofp\libcr_eabihelpers.a(double.o)
                0x00007ba4                __aeabi_d2iz
 .text.__bhs_ui2d
                0x00007bf4       0x5e c:/nxp/mcuxpressoide_11.3.0_5222/ide/plugins/com.nxp.mcuxpresso.tools.win32_11.3.0.202008311133/tools/bin/../lib/gcc/arm-none-eabi/9.3.1/thumb/v6-m/nofp\libcr_eabihelpers.a(double.o)
                0x00007bf4                __bhs_ui2d
 .text.__aeabi_i2d
                0x00007c52       0x18 c:/nxp/mcuxpressoide_11.3.0_5222/ide/plugins/com.nxp.mcuxpresso.tools.win32_11.3.0.202008311133/tools/bin/../lib/gcc/arm-none-eabi/9.3.1/thumb/v6-m/nofp\libcr_eabihelpers.a(double.o)
                0x00007c52                __aeabi_i2d
 *fill*         0x00007c6a        0x2 ff
 .text.__aeabi_dcmpeq
                0x00007c6c       0x30 c:/nxp/mcuxpressoide_11.3.0_5222/ide/plugins/com.nxp.mcuxpresso.tools.win32_11.3.0.202008311133/tools/bin/../lib/gcc/arm-none-eabi/9.3.1/thumb/v6-m/nofp\libcr_eabihelpers.a(double.o)
                0x00007c6c                __aeabi_dcmpeq
 .text.__aeabi_dcmplt
                0x00007c9c       0x60 c:/nxp/mcuxpressoide_11.3.0_5222/ide/plugins/com.nxp.mcuxpresso.tools.win32_11.3.0.202008311133/tools/bin/../lib/gcc/arm-none-eabi/9.3.1/thumb/v6-m/nofp\libcr_eabihelpers.a(double.o)
                0x00007c9c                __aeabi_dcmplt
 .text.__aeabi_dcmple
                0x00007cfc       0x60 c:/nxp/mcuxpressoide_11.3.0_5222/ide/plugins/com.nxp.mcuxpresso.tools.win32_11.3.0.202008311133/tools/bin/../lib/gcc/arm-none-eabi/9.3.1/thumb/v6-m/nofp\libcr_eabihelpers.a(double.o)
                0x00007cfc                __aeabi_dcmple
 .text.__aeabi_dcmpge
                0x00007d5c       0x64 c:/nxp/mcuxpressoide_11.3.0_5222/ide/plugins/com.nxp.mcuxpresso.tools.win32_11.3.0.202008311133/tools/bin/../lib/gcc/arm-none-eabi/9.3.1/thumb/v6-m/nofp\libcr_eabihelpers.a(double.o)
                0x00007d5c                __aeabi_dcmpge
 .text.__aeabi_fmul
                0x00007dc0       0xc0 c:/nxp/mcuxpressoide_11.3.0_5222/ide/plugins/com.nxp.mcuxpresso.tools.win32_11.3.0.202008311133/tools/bin/../lib/gcc/arm-none-eabi/9.3.1/thumb/v6-m/nofp\libcr_eabihelpers.a(float.o)
                0x00007dc0                __aeabi_fmul
 .text.__aeabi_fdiv
                0x00007e80       0xe4 c:/nxp/mcuxpressoide_11.3.0_5222/ide/plugins/com.nxp.mcuxpresso.tools.win32_11.3.0.202008311133/tools/bin/../lib/gcc/arm-none-eabi/9.3.1/thumb/v6-m/nofp\libcr_eabihelpers.a(float.o)
                0x00007e80                __aeabi_fdiv
 .text.__aeabi_fsub
                0x00007f64      0x124 c:/nxp/mcuxpressoide_11.3.0_5222/ide/plugins/com.nxp.mcuxpresso.tools.win32_11.3.0.202008311133/tools/bin/../lib/gcc/arm-none-eabi/9.3.1/thumb/v6-m/nofp\libcr_eabihelpers.a(float.o)
                0x00007f64                __aeabi_fsub
 .text.__aeabi_fadd
                0x00008088       0xac c:/nxp/mcuxpressoide_11.3.0_5222/ide/plugins/com.nxp.mcuxpresso.tools.win32_11.3.0.202008311133/tools/bin/../lib/gcc/arm-none-eabi/9.3.1/thumb/v6-m/nofp\libcr_eabihelpers.a(float.o)
                0x00008088                __aeabi_fadd
 .text.__aeabi_f2uiz
                0x00008134       0x2a c:/nxp/mcuxpressoide_11.3.0_5222/ide/plugins/com.nxp.mcuxpresso.tools.win32_11.3.0.202008311133/tools/bin/../lib/gcc/arm-none-eabi/9.3.1/thumb/v6-m/nofp\libcr_eabihelpers.a(float.o)
                0x00008134                __aeabi_f2uiz
 .text.__bhs_ui2f
                0x0000815e       0x62 c:/nxp/mcuxpressoide_11.3.0_5222/ide/plugins/com.nxp.mcuxpresso.tools.win32_11.3.0.202008311133/tools/bin/../lib/gcc/arm-none-eabi/9.3.1/thumb/v6-m/nofp\libcr_eabihelpers.a(float.o)
                0x0000815e                __bhs_ui2f
 .text.__aeabi_i2f
                0x000081c0       0x18 c:/nxp/mcuxpressoide_11.3.0_5222/ide/plugins/com.nxp.mcuxpresso.tools.win32_11.3.0.202008311133/tools/bin/../lib/gcc/arm-none-eabi/9.3.1/thumb/v6-m/nofp\libcr_eabihelpers.a(float.o)
                0x000081c0                __aeabi_i2f
 .text.__aeabi_ui2f
                0x000081d8        0xc c:/nxp/mcuxpressoide_11.3.0_5222/ide/plugins/com.nxp.mcuxpresso.tools.win32_11.3.0.202008311133/tools/bin/../lib/gcc/arm-none-eabi/9.3.1/thumb/v6-m/nofp\libcr_eabihelpers.a(float.o)
                0x000081d8                __aeabi_ui2f
 .text.__aeabi_f2d
                0x000081e4       0x40 c:/nxp/mcuxpressoide_11.3.0_5222/ide/plugins/com.nxp.mcuxpresso.tools.win32_11.3.0.202008311133/tools/bin/../lib/gcc/arm-none-eabi/9.3.1/thumb/v6-m/nofp\libcr_eabihelpers.a(float.o)
                0x000081e4                __aeabi_f2d
 .text.__aeabi_fcmpeq
                0x00008224       0x20 c:/nxp/mcuxpressoide_11.3.0_5222/ide/plugins/com.nxp.mcuxpresso.tools.win32_11.3.0.202008311133/tools/bin/../lib/gcc/arm-none-eabi/9.3.1/thumb/v6-m/nofp\libcr_eabihelpers.a(float.o)
                0x00008224                __aeabi_fcmpeq
 .text.__aeabi_fcmpgt
                0x00008244       0x3e c:/nxp/mcuxpressoide_11.3.0_5222/ide/plugins/com.nxp.mcuxpresso.tools.win32_11.3.0.202008311133/tools/bin/../lib/gcc/arm-none-eabi/9.3.1/thumb/v6-m/nofp\libcr_eabihelpers.a(float.o)
                0x00008244                __aeabi_fcmpgt
 .text.__aeabi_llong_lmul
                0x00008282       0x2e c:/nxp/mcuxpressoide_11.3.0_5222/ide/plugins/com.nxp.mcuxpresso.tools.win32_11.3.0.202008311133/tools/bin/../lib/gcc/arm-none-eabi/9.3.1/thumb/v6-m/nofp\libcr_eabihelpers.a(llong.o)
                0x00008282                __aeabi_lmul
 .text.__aeabi_memcpy
                0x000082b0       0x2c c:/nxp/mcuxpressoide_11.3.0_5222/ide/plugins/com.nxp.mcuxpresso.tools.win32_11.3.0.202008311133/tools/bin/../lib/gcc/arm-none-eabi/9.3.1/thumb/v6-m/nofp\libcr_eabihelpers.a(memcpy.o)
                0x000082b0                __aeabi_memcpy4
                0x000082b0                __aeabi_memcpy8
                0x000082b0                __aeabi_memcpy
 .text.__aeabi_memset_lowlevel
                0x000082dc       0x2a c:/nxp/mcuxpressoide_11.3.0_5222/ide/plugins/com.nxp.mcuxpresso.tools.win32_11.3.0.202008311133/tools/bin/../lib/gcc/arm-none-eabi/9.3.1/thumb/v6-m/nofp\libcr_eabihelpers.a(memcpy.o)
                0x000082dc                __aeabi_lowlevel_memset
 .text.__gnu_thumb1_case_shi
                0x00008306       0x10 c:/nxp/mcuxpressoide_11.3.0_5222/ide/plugins/com.nxp.mcuxpresso.tools.win32_11.3.0.202008311133/tools/bin/../lib/gcc/arm-none-eabi/9.3.1/thumb/v6-m/nofp\libcr_eabihelpers.a(thumb1_switch_helpers.o)
                0x00008306                __gnu_thumb1_case_shi
 *fill*         0x00008316        0x2 ff
 .text.__sys_appexit
                0x00008318        0xc c:/nxp/mcuxpressoide_11.3.0_5222/ide/plugins/com.nxp.mcuxpresso.tools.win32_11.3.0.202008311133/tools/bin/../lib/gcc/arm-none-eabi/9.3.1/../../../../arm-none-eabi/lib/thumb/v6-m/nofp\libcr_semihost.a(__sys_appexit.o)
                0x00008318                __sys_appexit
                0x00008318                __exit
 .text.__sys_close
                0x00008324        0xc c:/nxp/mcuxpressoide_11.3.0_5222/ide/plugins/com.nxp.mcuxpresso.tools.win32_11.3.0.202008311133/tools/bin/../lib/gcc/arm-none-eabi/9.3.1/../../../../arm-none-eabi/lib/thumb/v6-m/nofp\libcr_semihost.a(__sys_close.o)
                0x00008324                __sys_close
 .text.__sys_flen
                0x00008330        0xc c:/nxp/mcuxpressoide_11.3.0_5222/ide/plugins/com.nxp.mcuxpresso.tools.win32_11.3.0.202008311133/tools/bin/../lib/gcc/arm-none-eabi/9.3.1/../../../../arm-none-eabi/lib/thumb/v6-m/nofp\libcr_semihost.a(__sys_flen.o)
                0x00008330                __sys_flen
 .text.__sys_istty
                0x0000833c        0xc c:/nxp/mcuxpressoide_11.3.0_5222/ide/plugins/com.nxp.mcuxpresso.tools.win32_11.3.0.202008311133/tools/bin/../lib/gcc/arm-none-eabi/9.3.1/../../../../arm-none-eabi/lib/thumb/v6-m/nofp\libcr_semihost.a(__sys_istty.o)
                0x0000833c                __sys_istty
 .text.__sys_remove
                0x00008348        0xc c:/nxp/mcuxpressoide_11.3.0_5222/ide/plugins/com.nxp.mcuxpresso.tools.win32_11.3.0.202008311133/tools/bin/../lib/gcc/arm-none-eabi/9.3.1/../../../../arm-none-eabi/lib/thumb/v6-m/nofp\libcr_semihost.a(__sys_remove.o)
                0x00008348                __sys_remove
 .text.__sys_seek
                0x00008354        0xc c:/nxp/mcuxpressoide_11.3.0_5222/ide/plugins/com.nxp.mcuxpresso.tools.win32_11.3.0.202008311133/tools/bin/../lib/gcc/arm-none-eabi/9.3.1/../../../../arm-none-eabi/lib/thumb/v6-m/nofp\libcr_semihost.a(__sys_seek.o)
                0x00008354                __sys_seek
 .text.__sys_tmpnam
                0x00008360        0xc c:/nxp/mcuxpressoide_11.3.0_5222/ide/plugins/com.nxp.mcuxpresso.tools.win32_11.3.0.202008311133/tools/bin/../lib/gcc/arm-none-eabi/9.3.1/../../../../arm-none-eabi/lib/thumb/v6-m/nofp\libcr_semihost.a(__sys_tmpnam.o)
                0x00008360                __sys_tmpnam
 .text.__sys_write
                0x0000836c        0xc c:/nxp/mcuxpressoide_11.3.0_5222/ide/plugins/com.nxp.mcuxpresso.tools.win32_11.3.0.202008311133/tools/bin/../lib/gcc/arm-none-eabi/9.3.1/../../../../arm-none-eabi/lib/thumb/v6-m/nofp\libcr_semihost.a(__sys_write.o)
                0x0000836c                __sys_write
 *(.rodata .rodata.* .constdata .constdata.*)
 .rodata.vTaskStartScheduler.str1.4
                0x00008378        0x5 ./source/freertos/source/tasks.o
 *fill*         0x0000837d        0x3 ff
 .rodata.xTimerCreateTimerTask.str1.4
                0x00008380        0x8 ./source/freertos/source/timers.o
 .rodata.prvProcessReceivedCommands
                0x00008388       0x28 ./source/freertos/source/timers.o
 .rodata.prvCheckForValidListAndQueue.str1.4
                0x000083b0        0x5 ./source/freertos/source/timers.o
 *fill*         0x000083b5        0x3 ff
 .rodata.iDio_PinConfig
                0x000083b8       0x14 ./source/Interfaces/iDio.o
 .rodata.iDio_SetPortDirection
                0x000083cc       0x14 ./source/Interfaces/iDio.o
 .rodata.iDio_SetPort
                0x000083e0       0x14 ./source/Interfaces/iDio.o
 .rodata.iDio_GetPort
                0x000083f4       0x14 ./source/Interfaces/iDio.o
 .rodata.tDriveTask.str1.4
                0x00008408       0x33 ./source/Gestionnaires/tDriveTask.o
 *fill*         0x0000843b        0x1 ff
 .rodata.tHMITask.str1.4
                0x0000843c        0xf ./source/Gestionnaires/tHMITask.o
 *fill*         0x0000844b        0x1 ff
 .rodata.tInputTask.str1.4
                0x0000844c        0xa ./source/Gestionnaires/tInputTask.o
 *fill*         0x00008456        0x2 ff
 .rodata.tInterpretorTask.str1.4
                0x00008458       0x42 ./source/Gestionnaires/tInterpretorTask.o
 *fill*         0x0000849a        0x2 ff
 .rodata.tPilotTask.str1.4
                0x0000849c       0x15 ./source/Gestionnaires/tPilotTask.o
 *fill*         0x000084b1        0x3 ff
 .rodata.AppStartTask.str1.4
                0x000084b4       0x41 ./source/main.o
 *fill*         0x000084f5        0x3 ff
 .rodata.main.str1.4
                0x000084f8        0xb ./source/main.o
 .rodata.fp_display.str1.1
                0x00008503       0x34 c:/nxp/mcuxpressoide_11.3.0_5222/ide/plugins/com.nxp.mcuxpresso.tools.win32_11.3.0.202008311133/tools/bin/../lib/gcc/arm-none-eabi/9.3.1/../../../../arm-none-eabi/lib/thumb/v6-m/nofp\libcr_c.a(fpprintf.o)
                                 0x35 (size before relaxing)
 .rodata._initio.str1.1
                0x00008537        0x4 c:/nxp/mcuxpressoide_11.3.0_5222/ide/plugins/com.nxp.mcuxpresso.tools.win32_11.3.0.202008311133/tools/bin/../lib/gcc/arm-none-eabi/9.3.1/../../../../arm-none-eabi/lib/thumb/v6-m/nofp\libcr_c.a(initio.o)
 .rodata.__vfprintf.str1.1
                0x0000853b       0x31 c:/nxp/mcuxpressoide_11.3.0_5222/ide/plugins/com.nxp.mcuxpresso.tools.win32_11.3.0.202008311133/tools/bin/../lib/gcc/arm-none-eabi/9.3.1/../../../../arm-none-eabi/lib/thumb/v6-m/nofp\libcr_c.a(printf.o)
                                 0x38 (size before relaxing)
 .rodata._Csys_alloc.str1.1
                0x0000856c       0x18 c:/nxp/mcuxpressoide_11.3.0_5222/ide/plugins/com.nxp.mcuxpresso.tools.win32_11.3.0.202008311133/tools/bin/../lib/gcc/arm-none-eabi/9.3.1/../../../../arm-none-eabi/lib/thumb/v6-m/nofp\libcr_c.a(alloc.o)
 .rodata.__num_Ciob_streams
                0x00008584        0x4 c:/nxp/mcuxpressoide_11.3.0_5222/ide/plugins/com.nxp.mcuxpresso.tools.win32_11.3.0.202008311133/tools/bin/../lib/gcc/arm-none-eabi/9.3.1/../../../../arm-none-eabi/lib/thumb/v6-m/nofp\libcr_semihost.a(__ciob.o)
                0x00008584                __num_Ciob_streams
                0x00008588                . = ALIGN (0x4)

.glue_7         0x00008588        0x0
 .glue_7        0x00008588        0x0 linker stubs

.glue_7t        0x00008588        0x0
 .glue_7t       0x00008588        0x0 linker stubs

.vfp11_veneer   0x00008588        0x0
 .vfp11_veneer  0x00008588        0x0 linker stubs

.v4_bx          0x00008588        0x0
 .v4_bx         0x00008588        0x0 linker stubs

.iplt           0x00008588        0x0
 .iplt          0x00008588        0x0 ./startup/startup_mkl46z4.o

.rel.dyn        0x00008588        0x0
 .rel.iplt      0x00008588        0x0 ./startup/startup_mkl46z4.o

.ARM.extab
 *(.ARM.extab* .gnu.linkonce.armextab.*)

.ARM.exidx      0x00008588        0x0
                0x00008588                __exidx_start = .
 *(.ARM.exidx* .gnu.linkonce.armexidx.*)
                0x00008588                __exidx_end = .
                0x00008588                _etext = .

.m_usb_data
 *(m_usb_bdt)

.mtb_buffer_default
                0x1fffe000       0x80
 *(.mtb*)
 .mtb.$RAM1     0x1fffe000       0x80 ./source/Utils/mtb.o
                0x1fffe000                __mtb_buffer__

.uninit_RESERVED
                0x1fffe080        0x0
                0x1fffe080                _start_uninit_RESERVED = .
 *(.bss.$RESERVED*)
                0x1fffe080                . = ALIGN (0x4)
                0x1fffe080                _end_uninit_RESERVED = .

.data           0x1fffe080        0x8 load address 0x00008588
 FILL mask 0xff
                0x1fffe080                _data = .
                [!provide]                PROVIDE (__start_data_RAM = .)
                [!provide]                PROVIDE (__start_data_SRAM = .)
 *(vtable)
 *(.ramfunc*)
 *(CodeQuickAccess)
 *(DataQuickAccess)
 *(RamFunction)
 *(.data*)
 .data.uxCriticalNesting
                0x1fffe080        0x4 ./source/freertos/portable/port.o
 .data.SystemCoreClock
                0x1fffe084        0x4 ./CMSIS/system_MKL46Z4.o
                0x1fffe084                SystemCoreClock
                0x1fffe088                . = ALIGN (0x4)
                0x1fffe088                _edata = .
                [!provide]                PROVIDE (__end_data_RAM = .)
                [!provide]                PROVIDE (__end_data_SRAM = .)

.igot.plt       0x1fffe088        0x0 load address 0x00008590
 .igot.plt      0x1fffe088        0x0 ./startup/startup_mkl46z4.o

.bss            0x1fffe088     0x2e6c
                0x1fffe088                _bss = .
                [!provide]                PROVIDE (__start_bss_RAM = .)
                [!provide]                PROVIDE (__start_bss_SRAM = .)
 *(.bss*)
 .bss.xQueueRegistry
                0x1fffe088       0x40 ./source/freertos/source/queue.o
                0x1fffe088                xQueueRegistry
 .bss.pxCurrentTCB
                0x1fffe0c8        0x4 ./source/freertos/source/tasks.o
                0x1fffe0c8                pxCurrentTCB
 .bss.pxReadyTasksLists
                0x1fffe0cc       0x64 ./source/freertos/source/tasks.o
 .bss.xDelayedTaskList1
                0x1fffe130       0x14 ./source/freertos/source/tasks.o
 .bss.xDelayedTaskList2
                0x1fffe144       0x14 ./source/freertos/source/tasks.o
 .bss.pxDelayedTaskList
                0x1fffe158        0x4 ./source/freertos/source/tasks.o
 .bss.pxOverflowDelayedTaskList
                0x1fffe15c        0x4 ./source/freertos/source/tasks.o
 .bss.xPendingReadyList
                0x1fffe160       0x14 ./source/freertos/source/tasks.o
 .bss.xTasksWaitingTermination
                0x1fffe174       0x14 ./source/freertos/source/tasks.o
 .bss.uxDeletedTasksWaitingCleanUp
                0x1fffe188        0x4 ./source/freertos/source/tasks.o
 .bss.xSuspendedTaskList
                0x1fffe18c       0x14 ./source/freertos/source/tasks.o
 .bss.uxCurrentNumberOfTasks
                0x1fffe1a0        0x4 ./source/freertos/source/tasks.o
 .bss.xTickCount
                0x1fffe1a4        0x4 ./source/freertos/source/tasks.o
 .bss.uxTopReadyPriority
                0x1fffe1a8        0x4 ./source/freertos/source/tasks.o
 .bss.xSchedulerRunning
                0x1fffe1ac        0x4 ./source/freertos/source/tasks.o
 .bss.uxPendedTicks
                0x1fffe1b0        0x4 ./source/freertos/source/tasks.o
 .bss.xYieldPending
                0x1fffe1b4        0x4 ./source/freertos/source/tasks.o
 .bss.xNumOfOverflows
                0x1fffe1b8        0x4 ./source/freertos/source/tasks.o
 .bss.uxTaskNumber
                0x1fffe1bc        0x4 ./source/freertos/source/tasks.o
 .bss.xNextTaskUnblockTime
                0x1fffe1c0        0x4 ./source/freertos/source/tasks.o
 .bss.xIdleTaskHandle
                0x1fffe1c4        0x4 ./source/freertos/source/tasks.o
 .bss.uxSchedulerSuspended
                0x1fffe1c8        0x4 ./source/freertos/source/tasks.o
 .bss.ulTaskSwitchedInTime
                0x1fffe1cc        0x4 ./source/freertos/source/tasks.o
 .bss.ulTotalRunTime
                0x1fffe1d0        0x4 ./source/freertos/source/tasks.o
 .bss.xActiveTimerList1
                0x1fffe1d4       0x14 ./source/freertos/source/timers.o
 .bss.xActiveTimerList2
                0x1fffe1e8       0x14 ./source/freertos/source/timers.o
 .bss.pxCurrentTimerList
                0x1fffe1fc        0x4 ./source/freertos/source/timers.o
 .bss.pxOverflowTimerList
                0x1fffe200        0x4 ./source/freertos/source/timers.o
 .bss.xTimerQueue
                0x1fffe204        0x4 ./source/freertos/source/timers.o
 .bss.xTimerTaskHandle
                0x1fffe208        0x4 ./source/freertos/source/timers.o
 .bss.xLastTime.5338
                0x1fffe20c        0x4 ./source/freertos/source/timers.o
 .bss.ucHeap    0x1fffe210     0x2800 ./source/freertos/portable/heap_4.o
 .bss.xStart    0x20000a10        0x8 ./source/freertos/portable/heap_4.o
 .bss.pxEnd     0x20000a18        0x4 ./source/freertos/portable/heap_4.o
 .bss.xFreeBytesRemaining
                0x20000a1c        0x4 ./source/freertos/portable/heap_4.o
 .bss.xMinimumEverFreeBytesRemaining
                0x20000a20        0x4 ./source/freertos/portable/heap_4.o
 .bss.xBlockAllocatedBit
                0x20000a24        0x4 ./source/freertos/portable/heap_4.o
 .bss.sCounter  0x20000a28        0x4 ./source/Interfaces/iCpu.o
                0x20000a28                sCounter
 .bss.sPitFlag  0x20000a2c        0x4 ./source/Interfaces/iPit.o
 .bss.sDelayTab
                0x20000a30       0xf0 ./source/Interfaces/iPit.o
 .bss.sCounter.4661
                0x20000b20        0x4 ./source/Interfaces/iPit.o
 .bss.isInit    0x20000b24        0x4 ./source/Interfaces/iSpi.o
 .bss.sRisingEdgeValFront
                0x20000b28        0x2 ./source/Interfaces/iTPM.o
 .bss.sFallingEdgeValFront
                0x20000b2a        0x2 ./source/Interfaces/iTPM.o
 .bss.sDeltaTFront
                0x20000b2c        0x2 ./source/Interfaces/iTPM.o
 .bss.sRisingEdgeValBack
                0x20000b2e        0x2 ./source/Interfaces/iTPM.o
 .bss.sFallingEdgeValBack
                0x20000b30        0x2 ./source/Interfaces/iTPM.o
 .bss.sDeltaTBack
                0x20000b32        0x2 ./source/Interfaces/iTPM.o
 .bss.sRisingEdgeValLeft
                0x20000b34        0x2 ./source/Interfaces/iTPM.o
 .bss.sFallingEdgeValLeft
                0x20000b36        0x2 ./source/Interfaces/iTPM.o
 .bss.sDeltaTLeft
                0x20000b38        0x2 ./source/Interfaces/iTPM.o
 .bss.sRisingEdgeValRight
                0x20000b3a        0x2 ./source/Interfaces/iTPM.o
 .bss.sFallingEdgeValRight
                0x20000b3c        0x2 ./source/Interfaces/iTPM.o
 .bss.sDeltaTRight
                0x20000b3e        0x2 ./source/Interfaces/iTPM.o
 .bss.sCaptStateFront
                0x20000b40        0x1 ./source/Interfaces/iTPM.o
 .bss.sCaptStateLeft
                0x20000b41        0x1 ./source/Interfaces/iTPM.o
 .bss.sCaptStateBack
                0x20000b42        0x1 ./source/Interfaces/iTPM.o
 .bss.sCaptStateRight
                0x20000b43        0x1 ./source/Interfaces/iTPM.o
 .bss.sUart1RxBufStruct
                0x20000b44       0xd4 ./source/Interfaces/iUart.o
 .bss.sUart2RxBufStruct
                0x20000c18       0xd4 ./source/Interfaces/iUart.o
 .bss.aRxStatus.4721
                0x20000cec        0x1 ./source/Interfaces/iUart.o
 .bss.aRxStatus.4729
                0x20000ced        0x1 ./source/Interfaces/iUart.o
 *fill*         0x20000cee        0x2 
 .bss.sInputTaskQueue
                0x20000cf0        0x4 ./source/external.o
                0x20000cf0                sInputTaskQueue
 .bss.sInputTaskEvents
                0x20000cf4        0x4 ./source/external.o
                0x20000cf4                sInputTaskEvents
 .bss.sInterpretorTaskQueue
                0x20000cf8        0x4 ./source/external.o
                0x20000cf8                sInterpretorTaskQueue
 .bss.sInterpretorTaskEvents
                0x20000cfc        0x4 ./source/external.o
                0x20000cfc                sInterpretorTaskEvents
 .bss.sPilotTaskQueue
                0x20000d00        0x4 ./source/external.o
                0x20000d00                sPilotTaskQueue
 .bss.sPilotTaskEvents
                0x20000d04        0x4 ./source/external.o
                0x20000d04                sPilotTaskEvents
 .bss.errno     0x20000d08        0x4 c:/nxp/mcuxpressoide_11.3.0_5222/ide/plugins/com.nxp.mcuxpresso.tools.win32_11.3.0.202008311133/tools/bin/../lib/gcc/arm-none-eabi/9.3.1/../../../../arm-none-eabi/lib/thumb/v6-m/nofp\libcr_c.a(errno.o)
                0x20000d08                errno
 .bss.__end_of_heap
                0x20000d0c        0x4 c:/nxp/mcuxpressoide_11.3.0_5222/ide/plugins/com.nxp.mcuxpresso.tools.win32_11.3.0.202008311133/tools/bin/../lib/gcc/arm-none-eabi/9.3.1/../../../../arm-none-eabi/lib/thumb/v6-m/nofp\libcr_c.a(__init_alloc.o)
                0x20000d0c                __end_of_heap
 .bss.__heaps   0x20000d10        0x4 c:/nxp/mcuxpressoide_11.3.0_5222/ide/plugins/com.nxp.mcuxpresso.tools.win32_11.3.0.202008311133/tools/bin/../lib/gcc/arm-none-eabi/9.3.1/../../../../arm-none-eabi/lib/thumb/v6-m/nofp\libcr_c.a(__init_alloc.o)
                0x20000d10                __heaps
 .bss.__Ciob    0x20000d14      0x1e0 c:/nxp/mcuxpressoide_11.3.0_5222/ide/plugins/com.nxp.mcuxpresso.tools.win32_11.3.0.202008311133/tools/bin/../lib/gcc/arm-none-eabi/9.3.1/../../../../arm-none-eabi/lib/thumb/v6-m/nofp\libcr_semihost.a(__ciob.o)
                0x20000d14                __Ciob
 *(COMMON)
                0x20000ef4                . = ALIGN (0x4)
                0x20000ef4                _ebss = .
                [!provide]                PROVIDE (__end_bss_RAM = .)
                [!provide]                PROVIDE (__end_bss_SRAM = .)
                [!provide]                PROVIDE (end = .)

.noinit         0x20000ef4        0x0
                0x20000ef4                _noinit = .
                [!provide]                PROVIDE (__start_noinit_RAM = .)
                [!provide]                PROVIDE (__start_noinit_SRAM = .)
 *(.noinit*)
                0x20000ef4                . = ALIGN (0x4)
                0x20000ef4                _end_noinit = .
                [!provide]                PROVIDE (__end_noinit_RAM = .)
                [!provide]                PROVIDE (__end_noinit_SRAM = .)
                0x00000800                _HeapSize = 0x800

.heap           0x20000ef4      0x800
                0x20000ef4                _pvHeapStart = .
                0x200016f4                . = (. + _HeapSize)
 *fill*         0x20000ef4      0x800 
                0x200016f4                . = ALIGN (0x4)
                0x200016f4                _pvHeapLimit = .
                0x00000800                _StackSize = 0x800

.heap2stackfill
                0x200016f4      0x800
                0x20001ef4                . = (. + _StackSize)
 *fill*         0x200016f4      0x800 

.stack          0x20005800        0x0
                0x20005800                _vStackBase = .
                0x20005800                . = ALIGN (0x4)
                0x20006000                _vStackTop = (. + _StackSize)
                0x00000000                _image_start = LOADADDR (.text)
                0x00008590                _image_end = (LOADADDR (.data) + SIZEOF (.data))
                0x00008590                _image_size = (_image_end - _image_start)
OUTPUT(Robot.axf elf32-littlearm)
LOAD linker stubs

.debug_info     0x00000000     0xaa8e
 .debug_info    0x00000000      0x4df ./startup/startup_mkl46z4.o
 .debug_info    0x000004df      0x7a7 ./source/freertos/source/event_groups.o
 .debug_info    0x00000c86      0x2f7 ./source/freertos/source/list.o
 .debug_info    0x00000f7d      0xf07 ./source/freertos/source/queue.o
 .debug_info    0x00001e84      0x2e4 ./source/freertos/source/runTimeStatsTimer.o
 .debug_info    0x00002168     0x1c24 ./source/freertos/source/tasks.o
 .debug_info    0x00003d8c      0xb9e ./source/freertos/source/timers.o
 .debug_info    0x0000492a       0xec ./source/freertos/portable/fsl_tickless_systick.o
 .debug_info    0x00004a16      0x34c ./source/freertos/portable/heap_4.o
 .debug_info    0x00004d62      0x27a ./source/freertos/portable/port.o
 .debug_info    0x00004fdc       0x53 ./source/Utils/mtb.o
 .debug_info    0x0000502f       0x3c ./source/Utils/semihost_hardfault.o
 .debug_info    0x0000506b       0x66 ./source/Modules/mCpu.o
 .debug_info    0x000050d1      0x21d ./source/Modules/mIMU.o
 .debug_info    0x000052ee      0x4e4 ./source/Modules/mIcOc.o
 .debug_info    0x000057d2      0x4b9 ./source/Modules/mLcd.o
 .debug_info    0x00005c8b      0x39b ./source/Modules/mLeds.o
 .debug_info    0x00006026      0x203 ./source/Modules/mLine.o
 .debug_info    0x00006229      0x1a2 ./source/Modules/mRs232.o
 .debug_info    0x000063cb      0x3be ./source/Modules/mSwitch.o
 .debug_info    0x00006789      0x126 ./source/Interfaces/iCpu.o
 .debug_info    0x000068af      0x5be ./source/Interfaces/iDio.o
 .debug_info    0x00006e6d      0x5fa ./source/Interfaces/iI2C.o
 .debug_info    0x00007467      0x322 ./source/Interfaces/iPit.o
 .debug_info    0x00007789      0x51d ./source/Interfaces/iSpi.o
 .debug_info    0x00007ca6      0x9e2 ./source/Interfaces/iTPM.o
 .debug_info    0x00008688      0xad3 ./source/Interfaces/iUart.o
 .debug_info    0x0000915b      0x1ef ./source/Gestionnaires/tDriveTask.o
 .debug_info    0x0000934a      0x379 ./source/Gestionnaires/tHMITask.o
 .debug_info    0x000096c3      0x3d3 ./source/Gestionnaires/tInputTask.o
 .debug_info    0x00009a96      0x451 ./source/Gestionnaires/tInterpretorTask.o
 .debug_info    0x00009ee7      0x337 ./source/Gestionnaires/tPilotTask.o
 .debug_info    0x0000a21e      0x183 ./source/external.o
 .debug_info    0x0000a3a1      0x2b4 ./source/main.o
 .debug_info    0x0000a655      0x439 ./CMSIS/system_MKL46Z4.o

.debug_abbrev   0x00000000     0x2cbe
 .debug_abbrev  0x00000000      0x18d ./startup/startup_mkl46z4.o
 .debug_abbrev  0x0000018d      0x1ab ./source/freertos/source/event_groups.o
 .debug_abbrev  0x00000338      0x126 ./source/freertos/source/list.o
 .debug_abbrev  0x0000045e      0x214 ./source/freertos/source/queue.o
 .debug_abbrev  0x00000672       0xfa ./source/freertos/source/runTimeStatsTimer.o
 .debug_abbrev  0x0000076c      0x2fb ./source/freertos/source/tasks.o
 .debug_abbrev  0x00000a67      0x225 ./source/freertos/source/timers.o
 .debug_abbrev  0x00000c8c       0x9a ./source/freertos/portable/fsl_tickless_systick.o
 .debug_abbrev  0x00000d26      0x1a7 ./source/freertos/portable/heap_4.o
 .debug_abbrev  0x00000ecd      0x1b3 ./source/freertos/portable/port.o
 .debug_abbrev  0x00001080       0x46 ./source/Utils/mtb.o
 .debug_abbrev  0x000010c6       0x31 ./source/Utils/semihost_hardfault.o
 .debug_abbrev  0x000010f7       0x47 ./source/Modules/mCpu.o
 .debug_abbrev  0x0000113e       0xb2 ./source/Modules/mIMU.o
 .debug_abbrev  0x000011f0      0x154 ./source/Modules/mIcOc.o
 .debug_abbrev  0x00001344      0x18b ./source/Modules/mLcd.o
 .debug_abbrev  0x000014cf       0xc0 ./source/Modules/mLeds.o
 .debug_abbrev  0x0000158f      0x115 ./source/Modules/mLine.o
 .debug_abbrev  0x000016a4       0xe0 ./source/Modules/mRs232.o
 .debug_abbrev  0x00001784       0xc4 ./source/Modules/mSwitch.o
 .debug_abbrev  0x00001848       0xd8 ./source/Interfaces/iCpu.o
 .debug_abbrev  0x00001920      0x161 ./source/Interfaces/iDio.o
 .debug_abbrev  0x00001a81      0x192 ./source/Interfaces/iI2C.o
 .debug_abbrev  0x00001c13      0x1cf ./source/Interfaces/iPit.o
 .debug_abbrev  0x00001de2      0x1b7 ./source/Interfaces/iSpi.o
 .debug_abbrev  0x00001f99      0x240 ./source/Interfaces/iTPM.o
 .debug_abbrev  0x000021d9      0x2a7 ./source/Interfaces/iUart.o
 .debug_abbrev  0x00002480      0x120 ./source/Gestionnaires/tDriveTask.o
 .debug_abbrev  0x000025a0       0xfd ./source/Gestionnaires/tHMITask.o
 .debug_abbrev  0x0000269d      0x119 ./source/Gestionnaires/tInputTask.o
 .debug_abbrev  0x000027b6      0x117 ./source/Gestionnaires/tInterpretorTask.o
 .debug_abbrev  0x000028cd       0xfd ./source/Gestionnaires/tPilotTask.o
 .debug_abbrev  0x000029ca       0x92 ./source/external.o
 .debug_abbrev  0x00002a5c      0x10c ./source/main.o
 .debug_abbrev  0x00002b68      0x156 ./CMSIS/system_MKL46Z4.o

.debug_aranges  0x00000000      0xcf8
 .debug_aranges
                0x00000000      0x160 ./startup/startup_mkl46z4.o
 .debug_aranges
                0x00000160       0x80 ./source/freertos/source/event_groups.o
 .debug_aranges
                0x000001e0       0x40 ./source/freertos/source/list.o
 .debug_aranges
                0x00000220      0x118 ./source/freertos/source/queue.o
 .debug_aranges
                0x00000338       0x20 ./source/freertos/source/runTimeStatsTimer.o
 .debug_aranges
                0x00000358      0x200 ./source/freertos/source/tasks.o
 .debug_aranges
                0x00000558       0xc8 ./source/freertos/source/timers.o
 .debug_aranges
                0x00000620       0x20 ./source/freertos/portable/fsl_tickless_systick.o
 .debug_aranges
                0x00000640       0x50 ./source/freertos/portable/heap_4.o
 .debug_aranges
                0x00000690       0x80 ./source/freertos/portable/port.o
 .debug_aranges
                0x00000710       0x18 ./source/Utils/mtb.o
 .debug_aranges
                0x00000728       0x20 ./source/Utils/semihost_hardfault.o
 .debug_aranges
                0x00000748       0x20 ./source/Modules/mCpu.o
 .debug_aranges
                0x00000768       0x68 ./source/Modules/mIMU.o
 .debug_aranges
                0x000007d0       0x68 ./source/Modules/mIcOc.o
 .debug_aranges
                0x00000838       0x50 ./source/Modules/mLcd.o
 .debug_aranges
                0x00000888       0x28 ./source/Modules/mLeds.o
 .debug_aranges
                0x000008b0       0x48 ./source/Modules/mLine.o
 .debug_aranges
                0x000008f8       0x40 ./source/Modules/mRs232.o
 .debug_aranges
                0x00000938       0x30 ./source/Modules/mSwitch.o
 .debug_aranges
                0x00000968       0x28 ./source/Interfaces/iCpu.o
 .debug_aranges
                0x00000990       0x48 ./source/Interfaces/iDio.o
 .debug_aranges
                0x000009d8       0x78 ./source/Interfaces/iI2C.o
 .debug_aranges
                0x00000a50       0x60 ./source/Interfaces/iPit.o
 .debug_aranges
                0x00000ab0       0x58 ./source/Interfaces/iSpi.o
 .debug_aranges
                0x00000b08       0x68 ./source/Interfaces/iTPM.o
 .debug_aranges
                0x00000b70       0x80 ./source/Interfaces/iUart.o
 .debug_aranges
                0x00000bf0       0x20 ./source/Gestionnaires/tDriveTask.o
 .debug_aranges
                0x00000c10       0x20 ./source/Gestionnaires/tHMITask.o
 .debug_aranges
                0x00000c30       0x20 ./source/Gestionnaires/tInputTask.o
 .debug_aranges
                0x00000c50       0x20 ./source/Gestionnaires/tInterpretorTask.o
 .debug_aranges
                0x00000c70       0x20 ./source/Gestionnaires/tPilotTask.o
 .debug_aranges
                0x00000c90       0x18 ./source/external.o
 .debug_aranges
                0x00000ca8       0x28 ./source/main.o
 .debug_aranges
                0x00000cd0       0x28 ./CMSIS/system_MKL46Z4.o

.debug_ranges   0x00000000      0xab8
 .debug_ranges  0x00000000      0x150 ./startup/startup_mkl46z4.o
 .debug_ranges  0x00000150       0x70 ./source/freertos/source/event_groups.o
 .debug_ranges  0x000001c0       0x30 ./source/freertos/source/list.o
 .debug_ranges  0x000001f0      0x108 ./source/freertos/source/queue.o
 .debug_ranges  0x000002f8       0x10 ./source/freertos/source/runTimeStatsTimer.o
 .debug_ranges  0x00000308      0x1f0 ./source/freertos/source/tasks.o
 .debug_ranges  0x000004f8       0xb8 ./source/freertos/source/timers.o
 .debug_ranges  0x000005b0       0x10 ./source/freertos/portable/fsl_tickless_systick.o
 .debug_ranges  0x000005c0       0x40 ./source/freertos/portable/heap_4.o
 .debug_ranges  0x00000600       0x70 ./source/freertos/portable/port.o
 .debug_ranges  0x00000670       0x10 ./source/Utils/semihost_hardfault.o
 .debug_ranges  0x00000680       0x10 ./source/Modules/mCpu.o
 .debug_ranges  0x00000690       0x58 ./source/Modules/mIMU.o
 .debug_ranges  0x000006e8       0x58 ./source/Modules/mIcOc.o
 .debug_ranges  0x00000740       0x40 ./source/Modules/mLcd.o
 .debug_ranges  0x00000780       0x18 ./source/Modules/mLeds.o
 .debug_ranges  0x00000798       0x38 ./source/Modules/mLine.o
 .debug_ranges  0x000007d0       0x30 ./source/Modules/mRs232.o
 .debug_ranges  0x00000800       0x20 ./source/Modules/mSwitch.o
 .debug_ranges  0x00000820       0x18 ./source/Interfaces/iCpu.o
 .debug_ranges  0x00000838       0x38 ./source/Interfaces/iDio.o
 .debug_ranges  0x00000870       0x68 ./source/Interfaces/iI2C.o
 .debug_ranges  0x000008d8       0x50 ./source/Interfaces/iPit.o
 .debug_ranges  0x00000928       0x48 ./source/Interfaces/iSpi.o
 .debug_ranges  0x00000970       0x58 ./source/Interfaces/iTPM.o
 .debug_ranges  0x000009c8       0x70 ./source/Interfaces/iUart.o
 .debug_ranges  0x00000a38       0x10 ./source/Gestionnaires/tDriveTask.o
 .debug_ranges  0x00000a48       0x10 ./source/Gestionnaires/tHMITask.o
 .debug_ranges  0x00000a58       0x10 ./source/Gestionnaires/tInputTask.o
 .debug_ranges  0x00000a68       0x10 ./source/Gestionnaires/tInterpretorTask.o
 .debug_ranges  0x00000a78       0x10 ./source/Gestionnaires/tPilotTask.o
 .debug_ranges  0x00000a88       0x18 ./source/main.o
 .debug_ranges  0x00000aa0       0x18 ./CMSIS/system_MKL46Z4.o

.debug_macro    0x00000000     0x5002
 .debug_macro   0x00000000       0x29 ./startup/startup_mkl46z4.o
 .debug_macro   0x00000029      0xaa8 ./startup/startup_mkl46z4.o
 .debug_macro   0x00000ad1      0x160 ./source/freertos/source/event_groups.o
 .debug_macro   0x00000c31       0x28 ./source/freertos/source/event_groups.o
 .debug_macro   0x00000c59       0x91 ./source/freertos/source/event_groups.o
 .debug_macro   0x00000cea      0x105 ./source/freertos/source/list.o
 .debug_macro   0x00000def      0x16e ./source/freertos/source/queue.o
 .debug_macro   0x00000f5d       0x94 ./source/freertos/source/queue.o
 .debug_macro   0x00000ff1       0x88 ./source/freertos/source/runTimeStatsTimer.o
 .debug_macro   0x00001079       0x34 ./source/freertos/source/runTimeStatsTimer.o
 .debug_macro   0x000010ad      0x1eb ./source/freertos/source/tasks.o
 .debug_macro   0x00001298       0x11 ./source/freertos/source/tasks.o
 .debug_macro   0x000012a9       0x9a ./source/freertos/source/tasks.o
 .debug_macro   0x00001343      0x142 ./source/freertos/source/timers.o
 .debug_macro   0x00001485      0x109 ./source/freertos/portable/fsl_tickless_systick.o
 .debug_macro   0x0000158e       0xb4 ./source/freertos/portable/fsl_tickless_systick.o
 .debug_macro   0x00001642      0x12c ./source/freertos/portable/heap_4.o
 .debug_macro   0x0000176e      0x11b ./source/freertos/portable/port.o
 .debug_macro   0x00001889       0x2f ./source/Utils/mtb.o
 .debug_macro   0x000018b8       0x82 ./source/Utils/mtb.o
 .debug_macro   0x0000193a       0x10 ./source/Utils/mtb.o
 .debug_macro   0x0000194a       0x11 ./source/Utils/semihost_hardfault.o
 .debug_macro   0x0000195b       0x2e ./source/Modules/mCpu.o
 .debug_macro   0x00001989       0x33 ./source/Modules/mIMU.o
 .debug_macro   0x000019bc      0x2af ./source/Modules/mIMU.o
 .debug_macro   0x00001c6b      0x127 ./source/Modules/mIcOc.o
 .debug_macro   0x00001d92      0x181 ./source/Modules/mLcd.o
 .debug_macro   0x00001f13       0x2e ./source/Modules/mLeds.o
 .debug_macro   0x00001f41       0x3f ./source/Modules/mLine.o
 .debug_macro   0x00001f80      0x2a2 ./source/Modules/mLine.o
 .debug_macro   0x00002222       0x2e ./source/Modules/mRs232.o
 .debug_macro   0x00002250       0x2e ./source/Modules/mSwitch.o
 .debug_macro   0x0000227e       0xb9 ./source/Interfaces/iCpu.o
 .debug_macro   0x00002337      0x113 ./source/Interfaces/iDio.o
 .debug_macro   0x0000244a       0xa7 ./source/Interfaces/iI2C.o
 .debug_macro   0x000024f1       0xef ./source/Interfaces/iPit.o
 .debug_macro   0x000025e0       0xa5 ./source/Interfaces/iSpi.o
 .debug_macro   0x00002685       0xb1 ./source/Interfaces/iTPM.o
 .debug_macro   0x00002736       0xc9 ./source/Interfaces/iUart.o
 .debug_macro   0x000027ff      0x15e ./source/Gestionnaires/tDriveTask.o
 .debug_macro   0x0000295d       0xc4 ./source/Gestionnaires/tDriveTask.o
 .debug_macro   0x00002a21       0x52 ./source/Gestionnaires/tDriveTask.o
 .debug_macro   0x00002a73      0x189 ./source/Gestionnaires/tHMITask.o
 .debug_macro   0x00002bfc       0x1c ./source/Gestionnaires/tHMITask.o
 .debug_macro   0x00002c18      0x184 ./source/Gestionnaires/tInputTask.o
 .debug_macro   0x00002d9c      0x2a8 ./source/Gestionnaires/tInputTask.o
 .debug_macro   0x00003044      0x2b5 ./source/Gestionnaires/tInputTask.o
 .debug_macro   0x000032f9      0x16a ./source/Gestionnaires/tInterpretorTask.o
 .debug_macro   0x00003463      0x15e ./source/Gestionnaires/tPilotTask.o
 .debug_macro   0x000035c1      0x141 ./source/external.o
 .debug_macro   0x00003702      0x246 ./source/main.o
 .debug_macro   0x00003948      0x19b ./source/main.o
 .debug_macro   0x00003ae3       0x51 ./source/main.o
 .debug_macro   0x00003b34       0x94 ./CMSIS/system_MKL46Z4.o
 .debug_macro   0x00003bc8       0x10 ./CMSIS/system_MKL46Z4.o
 .debug_macro   0x00003bd8     0x142a ./CMSIS/system_MKL46Z4.o

.debug_line     0x00000000     0xa7ed
 .debug_line    0x00000000      0x1e7 ./startup/startup_mkl46z4.o
 .debug_line    0x000001e7      0x734 ./source/freertos/source/event_groups.o
 .debug_line    0x0000091b      0x45a ./source/freertos/source/list.o
 .debug_line    0x00000d75      0xdd1 ./source/freertos/source/queue.o
 .debug_line    0x00001b46      0x208 ./source/freertos/source/runTimeStatsTimer.o
 .debug_line    0x00001d4e     0x1846 ./source/freertos/source/tasks.o
 .debug_line    0x00003594      0x860 ./source/freertos/source/timers.o
 .debug_line    0x00003df4      0x398 ./source/freertos/portable/fsl_tickless_systick.o
 .debug_line    0x0000418c      0x5d3 ./source/freertos/portable/heap_4.o
 .debug_line    0x0000475f      0x50b ./source/freertos/portable/port.o
 .debug_line    0x00004c6a       0xd7 ./source/Utils/mtb.o
 .debug_line    0x00004d41       0x60 ./source/Utils/semihost_hardfault.o
 .debug_line    0x00004da1      0x120 ./source/Modules/mCpu.o
 .debug_line    0x00004ec1      0x251 ./source/Modules/mIMU.o
 .debug_line    0x00005112      0x512 ./source/Modules/mIcOc.o
 .debug_line    0x00005624      0x5e2 ./source/Modules/mLcd.o
 .debug_line    0x00005c06      0x14a ./source/Modules/mLeds.o
 .debug_line    0x00005d50      0x24e ./source/Modules/mLine.o
 .debug_line    0x00005f9e      0x1c3 ./source/Modules/mRs232.o
 .debug_line    0x00006161      0x19c ./source/Modules/mSwitch.o
 .debug_line    0x000062fd      0x325 ./source/Interfaces/iCpu.o
 .debug_line    0x00006622      0x3ce ./source/Interfaces/iDio.o
 .debug_line    0x000069f0      0x3af ./source/Interfaces/iI2C.o
 .debug_line    0x00006d9f      0x451 ./source/Interfaces/iPit.o
 .debug_line    0x000071f0      0x3d1 ./source/Interfaces/iSpi.o
 .debug_line    0x000075c1      0x5e9 ./source/Interfaces/iTPM.o
 .debug_line    0x00007baa      0x6ce ./source/Interfaces/iUart.o
 .debug_line    0x00008278      0x4bf ./source/Gestionnaires/tDriveTask.o
 .debug_line    0x00008737      0x4a3 ./source/Gestionnaires/tHMITask.o
 .debug_line    0x00008bda      0x576 ./source/Gestionnaires/tInputTask.o
 .debug_line    0x00009150      0x4c8 ./source/Gestionnaires/tInterpretorTask.o
 .debug_line    0x00009618      0x46e ./source/Gestionnaires/tPilotTask.o
 .debug_line    0x00009a86      0x3ca ./source/external.o
 .debug_line    0x00009e50      0x66a ./source/main.o
 .debug_line    0x0000a4ba      0x333 ./CMSIS/system_MKL46Z4.o

.debug_str      0x00000000    0x5a7c9
 .debug_str     0x00000000     0x314c ./startup/startup_mkl46z4.o
                               0x319c (size before relaxing)
 .debug_str     0x0000314c    0x437da ./source/freertos/source/event_groups.o
                              0x467b9 (size before relaxing)
 .debug_str     0x00046926       0xae ./source/freertos/source/list.o
                              0x45674 (size before relaxing)
 .debug_str     0x000469d4      0xf58 ./source/freertos/source/queue.o
                              0x46bd0 (size before relaxing)
 .debug_str     0x0004792c      0x120 ./source/freertos/source/runTimeStatsTimer.o
                              0x427ed (size before relaxing)
 .debug_str     0x00047a4c     0x16b9 ./source/freertos/source/tasks.o
                              0x47bf7 (size before relaxing)
 .debug_str     0x00049105      0x4d4 ./source/freertos/source/timers.o
                              0x4711b (size before relaxing)
 .debug_str     0x000495d9      0x53c ./source/freertos/portable/fsl_tickless_systick.o
                              0x45fb5 (size before relaxing)
 .debug_str     0x00049b15      0x231 ./source/freertos/portable/heap_4.o
                              0x45d62 (size before relaxing)
 .debug_str     0x00049d46      0x172 ./source/freertos/portable/port.o
                              0x4615a (size before relaxing)
 .debug_str     0x00049eb8      0x538 ./source/Utils/mtb.o
                               0x32b5 (size before relaxing)
 .debug_str     0x0004a3f0       0x25 ./source/Utils/semihost_hardfault.o
                               0x2da2 (size before relaxing)
 .debug_str     0x0004a415       0xc3 ./source/Modules/mCpu.o
                               0x2e70 (size before relaxing)
 .debug_str     0x0004a4d8      0xa6a ./source/Modules/mIMU.o
                               0x38ad (size before relaxing)
 .debug_str     0x0004af42      0x3ea ./source/Modules/mIcOc.o
                              0x45ee4 (size before relaxing)
 .debug_str     0x0004b32c      0x307 ./source/Modules/mLcd.o
                              0x460be (size before relaxing)
 .debug_str     0x0004b633       0xa5 ./source/Modules/mLeds.o
                               0x31b2 (size before relaxing)
 .debug_str     0x0004b6d8      0x923 ./source/Modules/mLine.o
                               0x376b (size before relaxing)
 .debug_str     0x0004bffb      0x127 ./source/Modules/mRs232.o
                               0x2f7a (size before relaxing)
 .debug_str     0x0004c122       0xcb ./source/Modules/mSwitch.o
                               0x31d2 (size before relaxing)
 .debug_str     0x0004c1ed       0x90 ./source/Interfaces/iCpu.o
                              0x42819 (size before relaxing)
 .debug_str     0x0004c27d      0x2ed ./source/Interfaces/iDio.o
                              0x42d33 (size before relaxing)
 .debug_str     0x0004c56a      0x181 ./source/Interfaces/iI2C.o
                              0x42a2d (size before relaxing)
 .debug_str     0x0004c6eb      0x222 ./source/Interfaces/iPit.o
                              0x429cb (size before relaxing)
 .debug_str     0x0004c90d       0xac ./source/Interfaces/iSpi.o
                              0x4292f (size before relaxing)
 .debug_str     0x0004c9b9      0x473 ./source/Interfaces/iTPM.o
                              0x42d78 (size before relaxing)
 .debug_str     0x0004ce2c      0x1cd ./source/Interfaces/iUart.o
                              0x42d94 (size before relaxing)
 .debug_str     0x0004cff9      0x798 ./source/Gestionnaires/tDriveTask.o
                              0x47306 (size before relaxing)
 .debug_str     0x0004d791       0xdf ./source/Gestionnaires/tHMITask.o
                              0x471a8 (size before relaxing)
 .debug_str     0x0004d870       0x42 ./source/Gestionnaires/tInputTask.o
                              0x48335 (size before relaxing)
 .debug_str     0x0004d8b2       0xf9 ./source/Gestionnaires/tInterpretorTask.o
                              0x471f3 (size before relaxing)
 .debug_str     0x0004d9ab       0x42 ./source/Gestionnaires/tPilotTask.o
                              0x470f9 (size before relaxing)
 .debug_str     0x0004d9ed       0x15 ./source/external.o
                              0x46d4e (size before relaxing)
 .debug_str     0x0004da02     0x5a83 ./source/main.o
                              0x4dcec (size before relaxing)
 .debug_str     0x00053485     0x7344 ./CMSIS/system_MKL46Z4.o
                              0x49af0 (size before relaxing)

.comment        0x00000000       0x4c
 .comment       0x00000000       0x4c ./startup/startup_mkl46z4.o
                                 0x4d (size before relaxing)
 .comment       0x0000004c       0x4d ./source/freertos/source/event_groups.o
 .comment       0x0000004c       0x4d ./source/freertos/source/list.o
 .comment       0x0000004c       0x4d ./source/freertos/source/queue.o
 .comment       0x0000004c       0x4d ./source/freertos/source/runTimeStatsTimer.o
 .comment       0x0000004c       0x4d ./source/freertos/source/tasks.o
 .comment       0x0000004c       0x4d ./source/freertos/source/timers.o
 .comment       0x0000004c       0x4d ./source/freertos/portable/fsl_tickless_systick.o
 .comment       0x0000004c       0x4d ./source/freertos/portable/heap_4.o
 .comment       0x0000004c       0x4d ./source/freertos/portable/port.o
 .comment       0x0000004c       0x4d ./source/Utils/mtb.o
 .comment       0x0000004c       0x4d ./source/Utils/semihost_hardfault.o
 .comment       0x0000004c       0x4d ./source/Modules/mCpu.o
 .comment       0x0000004c       0x4d ./source/Modules/mIMU.o
 .comment       0x0000004c       0x4d ./source/Modules/mIcOc.o
 .comment       0x0000004c       0x4d ./source/Modules/mLcd.o
 .comment       0x0000004c       0x4d ./source/Modules/mLeds.o
 .comment       0x0000004c       0x4d ./source/Modules/mLine.o
 .comment       0x0000004c       0x4d ./source/Modules/mRs232.o
 .comment       0x0000004c       0x4d ./source/Modules/mSwitch.o
 .comment       0x0000004c       0x4d ./source/Interfaces/iCpu.o
 .comment       0x0000004c       0x4d ./source/Interfaces/iDio.o
 .comment       0x0000004c       0x4d ./source/Interfaces/iI2C.o
 .comment       0x0000004c       0x4d ./source/Interfaces/iPit.o
 .comment       0x0000004c       0x4d ./source/Interfaces/iSpi.o
 .comment       0x0000004c       0x4d ./source/Interfaces/iTPM.o
 .comment       0x0000004c       0x4d ./source/Interfaces/iUart.o
 .comment       0x0000004c       0x4d ./source/Gestionnaires/tDriveTask.o
 .comment       0x0000004c       0x4d ./source/Gestionnaires/tHMITask.o
 .comment       0x0000004c       0x4d ./source/Gestionnaires/tInputTask.o
 .comment       0x0000004c       0x4d ./source/Gestionnaires/tInterpretorTask.o
 .comment       0x0000004c       0x4d ./source/Gestionnaires/tPilotTask.o
 .comment       0x0000004c       0x4d ./source/external.o
 .comment       0x0000004c       0x4d ./source/main.o
 .comment       0x0000004c       0x4d ./CMSIS/system_MKL46Z4.o
 .comment       0x0000004c       0x4d c:/nxp/mcuxpressoide_11.3.0_5222/ide/plugins/com.nxp.mcuxpresso.tools.win32_11.3.0.202008311133/tools/bin/../lib/gcc/arm-none-eabi/9.3.1/../../../../arm-none-eabi/lib/thumb/v6-m/nofp\libcr_semihost.a(_cr__main.o)
 .comment       0x0000004c       0x4d c:/nxp/mcuxpressoide_11.3.0_5222/ide/plugins/com.nxp.mcuxpresso.tools.win32_11.3.0.202008311133/tools/bin/../lib/gcc/arm-none-eabi/9.3.1/../../../../arm-none-eabi/lib/thumb/v6-m/nofp\libcr_c.a(memcpy.o)
 .comment       0x0000004c       0x4d c:/nxp/mcuxpressoide_11.3.0_5222/ide/plugins/com.nxp.mcuxpresso.tools.win32_11.3.0.202008311133/tools/bin/../lib/gcc/arm-none-eabi/9.3.1/../../../../arm-none-eabi/lib/thumb/v6-m/nofp\libcr_c.a(memset.o)
 .comment       0x0000004c       0x4d c:/nxp/mcuxpressoide_11.3.0_5222/ide/plugins/com.nxp.mcuxpresso.tools.win32_11.3.0.202008311133/tools/bin/../lib/gcc/arm-none-eabi/9.3.1/../../../../arm-none-eabi/lib/thumb/v6-m/nofp\libcr_c.a(fabs.o)
 .comment       0x0000004c       0x4d c:/nxp/mcuxpressoide_11.3.0_5222/ide/plugins/com.nxp.mcuxpresso.tools.win32_11.3.0.202008311133/tools/bin/../lib/gcc/arm-none-eabi/9.3.1/../../../../arm-none-eabi/lib/thumb/v6-m/nofp\libcr_c.a(fpprintf.o)