lib_str.c:216:13:Str_Len	24	static
lib_str.c:275:13:Str_Len_N	24	static
lib_str.c:347:12:Str_Copy	24	static
lib_str.c:437:12:Str_Copy_N	40	static
lib_str.c:538:12:Str_Cat	24	static
lib_str.c:620:12:Str_Cat_N	40	static
lib_str.c:750:13:Str_Cmp	32	static
lib_str.c:851:13:Str_Cmp_N	48	static
lib_str.c:1015:13:Str_CmpIgnoreCase	32	static
lib_str.c:1126:13:Str_CmpIgnoreCase_N	56	static
lib_str.c:1265:12:Str_Char	24	static
lib_str.c:1345:12:Str_Char_N	32	static
lib_str.c:1442:12:Str_Char_Last	24	static
lib_str.c:1524:12:Str_Char_Last_N	40	static
lib_str.c:1603:12:Str_Char_Replace	32	static
lib_str.c:1665:12:Str_Char_Replace_N	32	static
lib_str.c:1761:12:Str_Str	24	static
lib_str.c:1845:12:Str_Str_N	72	static
lib_str.c:2038:12:Str_FmtNbr_Int32U	48	static
lib_str.c:2254:12:Str_FmtNbr_Int32S	56	static
lib_str.c:2568:12:Str_FmtNbr_32	72	static
lib_str.c:2972:13:Str_ParseNbr_Int32U	40	static
lib_str.c:3188:13:Str_ParseNbr_Int32S	56	static
lib_str.c:3443:20:Str_FmtNbr_Int32	56	static
lib_str.c:3836:21:Str_ParseNbr_Int32	80	static
