tasks.c:676:13:xTaskCreate	64	static
tasks.c:767:13:prvInitialiseNewTask	32	static
tasks.c:970:13:prvAddNewTaskToReadyList	16	static
tasks.c:1055:7:vTaskDelete	24	static
tasks.c:1146:7:vTaskDelayUntil	32	static
tasks.c:1230:7:vTaskDelay	24	static
tasks.c:1275:13:eTaskGetState	32	static
tasks.c:1346:14:uxTaskPriorityGet	24	static
tasks.c:1368:14:uxTaskPriorityGetFromISR	32	static
tasks.c:1408:7:vTaskPrioritySet	32	static
tasks.c:1572:7:vTaskSuspend	24	static
tasks.c:1662:20:prvTaskIsTaskSuspended	24	static
tasks.c:1708:7:vTaskResume	24	static
tasks.c:1762:13:xTaskResumeFromISR	32	static
tasks.c:1832:6:vTaskStartScheduler	24	static
tasks.c:1939:6:vTaskEndScheduler	8	static
tasks.c:1950:6:vTaskSuspendAll	8	static
tasks.c:2023:12:xTaskResumeAll	24	static
tasks.c:2133:12:xTaskGetTickCount	16	static
tasks.c:2148:12:xTaskGetTickCountFromISR	16	static
tasks.c:2179:13:uxTaskGetNumberOfTasks	8	static
tasks.c:2187:7:pcTaskGetName	24	static
tasks.c:2327:14:uxTaskGetSystemState	32	static
tasks.c:2505:12:xTaskIncrementTick	32	static
tasks.c:2767:6:vTaskSwitchContext	16	static
tasks.c:2826:6:vTaskPlaceOnEventList	16	static
tasks.c:2843:6:vTaskPlaceOnUnorderedEventList	24	static
tasks.c:2869:7:vTaskPlaceOnEventListRestricted	24	static
tasks.c:2900:12:xTaskRemoveFromEventList	24	static
tasks.c:2968:12:xTaskRemoveFromUnorderedEventList	24	static
tasks.c:3013:6:vTaskSetTimeOutState	16	static
tasks.c:3021:12:xTaskCheckForTimeOut	24	static
tasks.c:3082:6:vTaskMissedYield	8	static
tasks.c:3090:14:uxTaskGetTaskNumber	24	static
tasks.c:3113:7:vTaskSetTaskNumber	24	static
tasks.c:3137:8:prvIdleTask	16	static
tasks.c:3286:7:vTaskSetThreadLocalStoragePointer	32	static
tasks.c:3302:8:pvTaskGetThreadLocalStoragePointer	24	static
tasks.c:3339:13:prvInitialiseTaskLists	16	static
tasks.c:3371:13:prvCheckTasksWaitingTermination	16	static
tasks.c:3417:7:vTaskGetInfo	32	static
tasks.c:3506:21:prvListTasksWithinSingleList	48	static
tasks.c:3539:18:prvTaskCheckFreeStackSpace	24	static
tasks.c:3587:14:prvDeleteTCB	16	static
tasks.c:3641:13:prvResetNextTaskUnblockTime	16	static
tasks.c:3667:15:xTaskGetCurrentTaskHandle	16	static
tasks.c:3684:13:xTaskGetSchedulerState	16	static
tasks.c:3712:7:vTaskPriorityInherit	24	static
tasks.c:3778:13:xTaskPriorityDisinherit	24	static
tasks.c:3922:15:prvWriteNameToBuffer	24	static
tasks.c:3948:7:vTaskList	56	static
tasks.c:4043:7:vTaskGetRunTimeStats	40	static
tasks.c:4168:12:uxTaskResetEventItemValue	16	static
tasks.c:4184:8:pvTaskIncrementMutexHeldCount	8	static
tasks.c:4201:11:ulTaskNotifyTake	24	static
tasks.c:4269:13:xTaskNotifyWait	32	static
tasks.c:4349:13:xTaskGenericNotify	40	static
tasks.c:4455:13:xTaskGenericNotifyFromISR	40	static
tasks.c:4579:7:vTaskNotifyGiveFromISR	32	static
tasks.c:4668:13:xTaskNotifyStateClear	24	static
tasks.c:4698:13:prvAddCurrentTaskToDelayedList	24	static
